Script started on Tue 15 Dec 2020 03:22:28 PM EST
[cent@localhost ~]$ pwd
/home/cent
[cent@localhost ~]$ mkdir Sales
[cent@localhost ~]$ mkdir Eng
[cent@localhost ~]$ mkdir IS
[cent@localhost ~]$ ls
[0m[01;34mbin[0m  [01;34mEng[0m  [01;34mIS[0m  [01;34mrepos[0m  [01;34mSales[0m  test  test-cleaned.txt
[cent@localhost ~]$ group[K[K[K[K[Kgroup add[K[K[K[Kadd 0[KENG[K[Kng
groupadd: Permission denied.
groupadd: cannot lock /etc/group; try again later.
[cent@localhost ~]$ sudo groupadd Eng
[sudo] password for cent: 
[cent@localhost ~]$ sudo groupadd Eng[K[K[KIS[Ks[KS
[cent@localhost ~]$ sudo groupadd IS[K[KSales
[cent@localhost ~]$ groupadd --help
Usage: groupadd [options] GROUP

Options:
  -f, --force                   exit successfully if the group already exists,
                                and cancel -g if the GID is already used
  -g, --gid GID                 use GID for the new group
  -h, --help                    display this help message and exit
  -K, --key KEY=VALUE           override /etc/login.defs defaults
  -o, --non-unique              allow to create groups with duplicate
                                (non-unique) GID
  -p, --password PASSWORD       use this encrypted password for the new group
  -r, --system                  create a system account
  -R, --root CHROOT_DIR         directory to chroot into
  -P, --prefix PREFIX_DIR       directory prefix

[cent@localhost ~]$ man groupadd
GROUPADD(8)                         System Management Commands                        GROUPADD(8)[m
[m
[1mNAME[0m[m
       groupadd - create a new group[m
[m
[1mSYNOPSIS[0m[m
       [1mgroupadd[0m [[4moptions[24m] [4mgroup[24m[m
[m
[1mDESCRIPTION[0m[m
       The [1mgroupadd[0m command creates a new group account using the values specified on the command[m
       line plus the default values from the system. The new group will be entered into the[m
       system files as needed.[m
[m
[1mOPTIONS[0m[m
       The options which apply to the [1mgroupadd[0m command are:[m
[m
       [1m-f[0m, [1m--force[0m[m
           This option causes the command to simply exit with success status if the specified[m
           group already exists. When used with [1m-g[0m, and the specified GID already exists, another[m
           (unique) GID is chosen (i.e.  [1m-g[0m is turned off).[m
[m
       [1m-g[0m, [1m--gid[0m [4mGID[24m[m
           The numerical value of the group's ID. This value must be unique, unless the [1m-o[0m option[m
           is used. The value must be non-negative. The default is to use the smallest ID value[m
           greater than or equal to [1mGID_MIN[0m and greater than every other group.[m
[m
           See also the [1m-r[0m option and the [1mGID_MAX[0m description.[m
[m
       [1m-h[0m, [1m--help[0m[m
           Display help message and exit.[m
[m
       [1m-K[0m, [1m--key[0m [4mKEY[24m=[4mVALUE[24m[m
           Overrides /etc/login.defs defaults (GID_MIN, GID_MAX and others). Multiple [1m-K[0m options[m
           can be specified.[m
[m
           Example: [1m-K[0m [4mGID_MIN[24m=[4m100[24m  [1m-K[0m [4mGID_MAX[24m=[4m499[24m[m
[7m Manual page groupadd(8) line 1 (press h for help or q to quit)[27m[K[K [KESCESC[K[[[KBB[K[m
[7m Manual page groupadd(8) line 2 (press h for help or q to quit)[27m[K[K [KESCESC[K[[[KBB[K           Note: [1m-K[0m [4mGID_MIN[24m=[4m10[24m,[4mGID_MAX[24m=[4m499[24m doesn't work yet.[m
[7m Manual page groupadd(8) line 5 (press h for help or q to quit)[27m[K[K [KESCESC[K[[[KBB[K[m
[7m Manual page groupadd(8) line 6 (press h for help or q to quit)[27m[K[K [KESCESC[K[[[KBB[K       [1m-o[0m, [1m--non-unique[0m[m
[7m Manual page groupadd(8) line 7 (press h for help or q to quit)[27m[K[K [KESCESC[K[[[KBB[K           This option permits to add a group with a non-unique GID.[m
[7m Manual page groupadd(8) line 8 (press h for help or q to quit)[27m[K[K [KESCESC[K[[[KBB[K[m
[7m Manual page groupadd(8) line 9 (press h for help or q to quit)[27m[K[K [KESCESC[K[[[KBB[K       [1m-p[0m, [1m--password[0m [4mPASSWORD[24m[m
[7m Manual page groupadd(8) line 10 (press h for help or q to quit)[27m[K[K [KESCESC[K[[[KBB[K           The encrypted password, as returned by [1mcrypt[0m(3). The default is to disable the[m
[7m Manual page groupadd(8) line 11 (press h for help or q to quit)[27m[K[K [KESCESC[K[[[KBB[K           password.[m
[7m Manual page groupadd(8) line 12 (press h for help or q to quit)[27m[K[K [KESCESC[K[[[KBB[K[m
[7m Manual page groupadd(8) line 13 (press h for help or q to quit)[27m[K[K [KESCESC[K[[[KBB[K           [1mNote:[0m This option is not recommended because the password (or encrypted password) will[m
[7m Manual page groupadd(8) line 14 (press h for help or q to quit)[27m[K[K [KESCESC[K[[[KAA[K[HM       line plus the default values from the system. The new group will be entered into the[m
[37;1H[K[7m Manual page groupadd(8) line 13 (press h for help or q to quit)[27m[K[K [KESCESC[K[[[KAA[K[HM       The [1mgroupadd[0m command creates a new group account using the values specified on the command[m
[37;1H[K[7m Manual page groupadd(8) line 12 (press h for help or q to quit)[27m[K[K [KESCESC[K[[[KAA[K[HM[1mDESCRIPTION[0m[m
[37;1H[K[7m Manual page groupadd(8) line 11 (press h for help or q to quit)[27m[K[K [KESCESC[K[[[KAA[K[HM[m
[37;1H[K[7m Manual page groupadd(8) line 10 (press h for help or q to quit)[27m[K[K [KESCESC[K[[[KAA[K[HM       [1mgroupadd[0m [[4moptions[24m] [4mgroup[24m[m
[37;1H[K[7m Manual page groupadd(8) line 9 (press h for help or q to quit)[27m[K[K [KESCESC[K[[[KAA[K[HM[1mSYNOPSIS[0m[m
[37;1H[K[7m Manual page groupadd(8) line 8 (press h for help or q to quit)[27m[K[K [KESCESC[K[[[KAA[K[HM[m
[37;1H[K[7m Manual page groupadd(8) line 7 (press h for help or q to quit)[27m[K[K [KESCESC[K[[[KAA[K[HM       groupadd - create a new group[m
[37;1H[K[7m Manual page groupadd(8) line 6 (press h for help or q to quit)[27m[K[K [KESCESC[K[[[KAA[K[HM[1mNAME[0m[m
[37;1H[K[7m Manual page groupadd(8) line 5 (press h for help or q to quit)[27m[K[K [KESCESC[K[[[KAA[K[HM[m
[37;1H[K[7m Manual page groupadd(8) line 4 (press h for help or q to quit)[27m[K[K [KESCESC[K[[[KAA[K[HMGROUPADD(8)                         System Management Commands                        GROUPADD(8)[m
[37;1H[K[7m Manual page groupadd(8) line 1 (press h for help or q to quit)[27m[K[K [KESCESC[K[[[KAA[K[K[7m Manual page groupadd(8) line 1 (press h for help or q to quit)[27m[K[K [KESCESC[K[[[KAA[K[K[7m Manual page groupadd(8) line 1 (press h for help or q to quit)[27m[K[K [KESCESC[K[[[KAA[K[K[7m Manual page groupadd(8) line 1 (press h for help or q to quit)[27m[K[K [KESCESC[K[[[KAA[K[K[7m Manual page groupadd(8) line 1 (press h for help or q to quit)[27m[K[K [KESCESC[K[[[KBB[K[m
[7m Manual page groupadd(8) line 4 (press h for help or q to quit)[27m[K[K [KESCESC[K[[[KBB[K           Note: [1m-K[0m [4mGID_MIN[24m=[4m10[24m,[4mGID_MAX[24m=[4m499[24m doesn't work yet.[m
[7m Manual page groupadd(8) line 5 (press h for help or q to quit)[27m[K[K [KESCESC[K[[[KBB[K[m
[7m Manual page groupadd(8) line 6 (press h for help or q to quit)[27m[K[K [KESCESC[K[[[KBB[K       [1m-o[0m, [1m--non-unique[0m[m
[7m Manual page groupadd(8) line 7 (press h for help or q to quit)[27m[K[K [KESCESC[K[[[KBB[K           This option permits to add a group with a non-unique GID.[m
[7m Manual page groupadd(8) line 8 (press h for help or q to quit)[27m[K[K [KESCESC[K[[[KBB[K[m
[7m Manual page groupadd(8) line 9 (press h for help or q to quit)[27m[K[K [KESCESC[K[[[KBB[K       [1m-p[0m, [1m--password[0m [4mPASSWORD[24m[m
[7m Manual page groupadd(8) line 10 (press h for help or q to quit)[27m[K[K [KESCESC[K[[[KBB[K           The encrypted password, as returned by [1mcrypt[0m(3). The default is to disable the[m
[7m Manual page groupadd(8) line 11 (press h for help or q to quit)[27m[K[K [KESCESC[K[[[KBB[K           password.[m
[7m Manual page groupadd(8) line 12 (press h for help or q to quit)[27m[K[K [KESCESC[K[[[KBB[K[m
[7m Manual page groupadd(8) line 13 (press h for help or q to quit)[27m[K[K [KESCESC[K[[[KBB[K           [1mNote:[0m This option is not recommended because the password (or encrypted password) will[m
[7m Manual page groupadd(8) line 14 (press h for help or q to quit)[27m[K[K [KESCESC[K[[[KBB[K           be visible by users listing the processes.[m
[7m Manual page groupadd(8) line 15 (press h for help or q to quit)[27m[K[K [KESCESC[K[[[KBB[K[m
[7m Manual page groupadd(8) line 16 (press h for help or q to quit)[27m[K[K [KESCESC[K[[[KBB[K           You should make sure the password respects the system's password policy.[m
[7m Manual page groupadd(8) line 17 (press h for help or q to quit)[27m[K[K [KESCESC[K[[[KBB[K[m
[7m Manual page groupadd(8) line 18 (press h for help or q to quit)[27m[K[K [KESCESC[K[[[KBB[K       [1m-r[0m, [1m--system[0m[m
[7m Manual page groupadd(8) line 19 (press h for help or q to quit)[27m[K[K [KESCESC[K[[[KBB[K           Create a system group.[m
[7m Manual page groupadd(8) line 20 (press h for help or q to quit)[27m[K[K [KESCESC[K[[[KBB[K[m
[7m Manual page groupadd(8) line 21 (press h for help or q to quit)[27m[K[K [KESCESC[K[[[KBB[K           The numeric identifiers of new system groups are chosen in the [1mSYS_GID_MIN[0m-[1mSYS_GID_MAX[0m[m
[7m Manual page groupadd(8) line 22 (press h for help or q to quit)[27m[K[K [KESCESC[K[[[KBB[K           range, defined in login.defs, instead of [1mGID_MIN[0m-[1mGID_MAX[0m.[m
[7m Manual page groupadd(8) line 23 (press h for help or q to quit)[27m[K[K [KESCESC[K[[[KBB[K[m
[7m Manual page groupadd(8) line 24 (press h for help or q to quit)[27m[K[K [KESCESC[K[[[KBB[K       [1m-R[0m, [1m--root[0m [4mCHROOT_DIR[24m[m
[7m Manual page groupadd(8) line 25 (press h for help or q to quit)[27m[K[K [KESCESC[K[[[KBB[K           Apply changes in the [4mCHROOT_DIR[24m directory and use the configuration files from the[m
[7m Manual page groupadd(8) line 26 (press h for help or q to quit)[27m[K[K [KESCESC[K[[[KBB[K           [4mCHROOT_DIR[24m directory.[m
[7m Manual page groupadd(8) line 27 (press h for help or q to quit)[27m[K[K [KESCESC[K[[[KBB[K[m
[7m Manual page groupadd(8) line 28 (press h for help or q to quit)[27m[K[K [KESCESC[K[[[KBB[K       [1m-P[0m, [1m--prefix[0m [4mPREFIX_DIR[24m[m
[7m Manual page groupadd(8) line 29 (press h for help or q to quit)[27m[K[K [KESCESC[K[[[KBB[K           Apply changes in the [4mPREFIX_DIR[24m directory and use the configuration files from the[m
[7m Manual page groupadd(8) line 30 (press h for help or q to quit)[27m[K[K [KESCESC[K[[[KBB[K           [4mPREFIX_DIR[24m directory. This option does not chroot and is intended for preparing a[m
[7m Manual page groupadd(8) line 31 (press h for help or q to quit)[27m[K[K [KESCESC[K[[[KBB[K           cross-compilation target. Some limitations: NIS and LDAP users/groups are not[m
[7m Manual page groupadd(8) line 32 (press h for help or q to quit)[27m[K[K [KESCESC[K[[[KBB[K           verified. PAM authentication is using the host files. No SELINUX support.[m
[7m Manual page groupadd(8) line 33 (press h for help or q to quit)[27m[K[K [KESCESC[K[[[KBB[K[m
[7m Manual page groupadd(8) line 34 (press h for help or q to quit)[27m[K[K [KESCESC[K[[[KBB[K[1mCONFIGURATION[0m[m
[7m Manual page groupadd(8) line 35 (press h for help or q to quit)[27m[K[K [KESCESC[K[[[KBB[K       The following configuration variables in /etc/login.defs change the behavior of this tool:[m
[7m Manual page groupadd(8) line 36 (press h for help or q to quit)[27m[K[K [KESCESC[K[[[KBB[K[m
[7m Manual page groupadd(8) line 37 (press h for help or q to quit)[27m[K[K [KESCESC[K[[[KBB[K       [1mGID_MAX[0m (number), [1mGID_MIN[0m (number)[m
[7m Manual page groupadd(8) line 38 (press h for help or q to quit)[27m[K[K [KESCESC[K[[[KBB[K           Range of group IDs used for the creation of regular groups by [1museradd[0m, [1mgroupadd[0m, or[m
[7m Manual page groupadd(8) line 39 (press h for help or q to quit)[27m[K[K [KESCESC[K[[[KBB[K           [1mnewusers[0m.[m
[7m Manual page groupadd(8) line 40 (press h for help or q to quit)[27m[K[K [KESCESC[K[[[KBB[K[m
[7m Manual page groupadd(8) line 41 (press h for help or q to quit)[27m[K[K [KESCESC[K[[[KBB[K           The default value for [1mGID_MIN[0m (resp.  [1mGID_MAX[0m) is 1000 (resp. 60000).[m
[7m Manual page groupadd(8) line 42 (press h for help or q to quit)[27m[K[K [KESCESC[K[[[KBB[K[m
[7m Manual page groupadd(8) line 43 (press h for help or q to quit)[27m[K[K [KESCESC[K[[[KBB[K       [1mMAX_MEMBERS_PER_GROUP[0m (number)[m
[7m Manual page groupadd(8) line 44 (press h for help or q to quit)[27m[K[K [KESCESC[K[[[KBB[K           Maximum members per group entry. When the maximum is reached, a new group entry (line)[m
[7m Manual page groupadd(8) line 45 (press h for help or q to quit)[27m[K[K [KESCESC[K[[[KBB[K           is started in /etc/group (with the same name, same password, and same GID).[m
[7m Manual page groupadd(8) line 46 (press h for help or q to quit)[27m[K[K [KESCESC[K[[[KBB[K[m
[7m Manual page groupadd(8) line 47 (press h for help or q to quit)[27m[K[K [KESCESC[K[[[KBB[K           The default value is 0, meaning that there are no limits in the number of members in a[m
[7m Manual page groupadd(8) line 48 (press h for help or q to quit)[27m[K[K [KESCESC[K[[[KBB[K           group.[m
[7m Manual page groupadd(8) line 49 (press h for help or q to quit)[27m[K[K [KESCESC[K[[[KBB[K[m
[7m Manual page groupadd(8) line 50 (press h for help or q to quit)[27m[K[K [KESCESC[K[[[KBB[K           This feature (split group) permits to limit the length of lines in the group file.[m
[7m Manual page groupadd(8) line 51 (press h for help or q to quit)[27m[K[K [KESCESC[K[[[KBB[K           This is useful to make sure that lines for NIS groups are not larger than 1024[m
[7m Manual page groupadd(8) line 52 (press h for help or q to quit)[27m[K[K [KESCESC[K[[[KBB[K           characters.[m
[7m Manual page groupadd(8) line 53 (press h for help or q to quit)[27m[K[K [KESCESC[K[[[KBB[K[m
[7m Manual page groupadd(8) line 54 (press h for help or q to quit)[27m[K[K [KESCESC[K[[[KBB[K           If you need to enforce such limit, you can use 25.[m
[7m Manual page groupadd(8) line 55 (press h for help or q to quit)[27m[K[K [KESCESC[K[[[KBB[K[m
[7m Manual page groupadd(8) line 56 (press h for help or q to quit)[27m[K[K [KESCESC[K[[[KBB[K           Note: split groups may not be supported by all tools (even in the Shadow toolsuite).[m
[7m Manual page groupadd(8) line 57 (press h for help or q to quit)[27m[K[K [KESCESC[K[[[KBB[K           You should not use this variable unless you really need it.[m
[7m Manual page groupadd(8) line 58 (press h for help or q to quit)[27m[K[K [KESCESC[K[[[KBB[K[m
[7m Manual page groupadd(8) line 59 (press h for help or q to quit)[27m[K[K [KESCESC[K[[[KBB[K       [1mSYS_GID_MAX[0m (number), [1mSYS_GID_MIN[0m (number)[m
[7m Manual page groupadd(8) line 60 (press h for help or q to quit)[27m[K[K [KESCESC[K[[[KBB[K           Range of group IDs used for the creation of system groups by [1museradd[0m, [1mgroupadd[0m, or[m
[7m Manual page groupadd(8) line 61 (press h for help or q to quit)[27m[K[K [KESCESC[K[[[KBB[K           [1mnewusers[0m.[m
[7m Manual page groupadd(8) line 62 (press h for help or q to quit)[27m[K[K [KESCESC[K[[[KBB[K[m
[7m Manual page groupadd(8) line 63 (press h for help or q to quit)[27m[K[K [KESCESC[K[[[KBB[K           The default value for [1mSYS_GID_MIN[0m (resp.  [1mSYS_GID_MAX[0m) is 101 (resp.  [1mGID_MIN[0m-1).[m
[7m Manual page groupadd(8) line 64 (press h for help or q to quit)[27m[K[K [KESCESC[K[[[KBB[K[m
[7m Manual page groupadd(8) line 65 (press h for help or q to quit)[27m[K[K [KESCESC[K[[[KBB[K[1mFILES[0m[m
[7m Manual page groupadd(8) line 66 (press h for help or q to quit)[27m[K[K [KESCESC[K[[[KBB[K       /etc/group[m
[7m Manual page groupadd(8) line 67 (press h for help or q to quit)[27m[K[K [KESCESC[K[[[KBB[K           Group account information.[m
[7m Manual page groupadd(8) line 68 (press h for help or q to quit)[27m[K[K [KESCESC[K[[[KBB[K[m
[7m Manual page groupadd(8) line 69 (press h for help or q to quit)[27m[K[K [KESCESC[K[[[KBB[K       /etc/gshadow[m
[7m Manual page groupadd(8) line 70 (press h for help or q to quit)[27m[K[K [KESCESC[K[[[KBB[K           Secure group account information.[m
[7m Manual page groupadd(8) line 71 (press h for help or q to quit)[27m[K[K [KESCESC[K[[[KBB[K[m
[7m Manual page groupadd(8) line 72 (press h for help or q to quit)[27m[K[K [KESCESC[K[[[KBB[K       /etc/login.defs[m
[7m Manual page groupadd(8) line 73 (press h for help or q to quit)[27m[K[K [KESCESC[K[[[KBB[K           Shadow password suite configuration.[m
[7m Manual page groupadd(8) line 74 (press h for help or q to quit)[27m[K[K [KESCESC[K[[[KBB[K[m
[7m Manual page groupadd(8) line 75 (press h for help or q to quit)[27m[K[K [KESCESC[K[[[KBB[K[1mCAVEATS[0m[m
[7m Manual page groupadd(8) line 76 (press h for help or q to quit)[27m[K[K [KESCESC[K[[[KBB[K       Groupnames may contain only lower and upper case letters, digits, underscores, or dashes.[m
[7m Manual page groupadd(8) line 77 (press h for help or q to quit)[27m[K[K [KESCESC[K[[[KBB[K       They can end with a dollar sign. Dashes are not allowed at the beginning of the groupname.[m
[7m Manual page groupadd(8) line 78 (press h for help or q to quit)[27m[K[K [KESCESC[K[[[KBB[K       Fully numeric groupnames and groupnames . or .. are also disallowed. In regular expression[m
[7m Manual page groupadd(8) line 79 (press h for help or q to quit)[27m[K[K [KESCESC[K[[[KBB[K       terms: [a-zA-Z0-9_.][a-zA-Z0-9_.-]*[$]?[m
[7m Manual page groupadd(8) line 80 (press h for help or q to quit)[27m[K[K [KESCESC[K[[[KBB[K[m
[7m Manual page groupadd(8) line 81 (press h for help or q to quit)[27m[K[K [KESCESC[K[[[KBB[K       Groupnames may only be up to 32 characters long.[m
[7m Manual page groupadd(8) line 82 (press h for help or q to quit)[27m[K[K [KESCESC[K[[[KBB[K[m
[7m Manual page groupadd(8) line 83 (press h for help or q to quit)[27m[K[K [KESCESC[K[[[KBB[K       You may not add a NIS or LDAP group. This must be performed on the corresponding server.[m
[7m Manual page groupadd(8) line 84 (press h for help or q to quit)[27m[K[K [KESCESC[K[[[KBB[K[m
[7m Manual page groupadd(8) line 85 (press h for help or q to quit)[27m[K[K [KESCESC[K[[[KBB[K       If the groupname already exists in an external group database such as NIS or LDAP,[m
[7m Manual page groupadd(8) line 86 (press h for help or q to quit)[27m[K[K [KESCESC[K[[[KBB[K       [1mgroupadd[0m will deny the group creation request.[m
[7m Manual page groupadd(8) line 87 (press h for help or q to quit)[27m[K[K [KESCESC[K[[[KBB[K[m
[7m Manual page groupadd(8) line 88 (press h for help or q to quit)[27m[K[K [KESCESC[K[[[KBB[K[1mEXIT[0m [1mVALUES[0m[m
[7m Manual page groupadd(8) line 89 (press h for help or q to quit)[27m[K[K [KESCESC[K[[[KBB[K       The [1mgroupadd[0m command exits with the following values:[m
[7m Manual page groupadd(8) line 90 (press h for help or q to quit)[27m[K[K [KESCESC[K[[[KBB[K[m
[7m Manual page groupadd(8) line 91 (press h for help or q to quit)[27m[K[K [KESCESC[K[[[KBB[K       [4m0[24m[m
[7m Manual page groupadd(8) line 92 (press h for help or q to quit)[27m[K[K [KESCESC[K[[[KBB[K           success[m
[7m Manual page groupadd(8) line 93 (press h for help or q to quit)[27m[K[K [KESCESC[K[[[KBB[K[m
[7m Manual page groupadd(8) line 94 (press h for help or q to quit)[27m[K[K [KESCESC[K[[[KBB[K       [4m2[24m[m
[7m Manual page groupadd(8) line 95 (press h for help or q to quit)[27m[K[K [KESCESC[K[[[KBB[K           invalid command syntax[m
[7m Manual page groupadd(8) line 96 (press h for help or q to quit)[27m[K[K [KESCESC[K[[[KBB[K[m
[7m Manual page groupadd(8) line 97 (press h for help or q to quit)[27m[K[K [KESCESC[K[[[KBB[K       [4m3[24m[m
[7m Manual page groupadd(8) line 98 (press h for help or q to quit)[27m[K[K [KESCESC[K[[[KBB[K           invalid argument to option[m
[7m Manual page groupadd(8) line 99 (press h for help or q to quit)[27m[K[K [KESCESC[K[[[KBB[K[m
[7m Manual page groupadd(8) line 100 (press h for help or q to quit)[27m[K[K [KESCESC[K[[[KBB[K       [4m4[24m[m
[7m Manual page groupadd(8) line 101 (press h for help or q to quit)[27m[K[K [KESCESC[K[[[KBB[K           GID not unique (when [1m-o[0m not used)[m
[7m Manual page groupadd(8) line 102 (press h for help or q to quit)[27m[K[K [KESCESC[K[[[KBB[K[m
[7m Manual page groupadd(8) line 103 (press h for help or q to quit)[27m[K[K [KESCESC[K[[[KBB[K       [4m9[24m[m
[7m Manual page groupadd(8) line 104 (press h for help or q to quit)[27m[K[K [KESCESC[K[[[KBB[K           group name not unique[m
[7m Manual page groupadd(8) line 105 (press h for help or q to quit)[27m[K[K [KESCESC[K[[[KBB[K[m
[7m Manual page groupadd(8) line 106 (press h for help or q to quit)[27m[K[K [KESCESC[K[[[KBB[K       [4m10[24m[m
[7m Manual page groupadd(8) line 107 (press h for help or q to quit)[27m[K[K [KESCESC[K[[[KBB[K           can't update group file[m
[7m Manual page groupadd(8) line 108 (press h for help or q to quit)[27m[K[K [KESCESC[K[[[KBB[K[m
[7m Manual page groupadd(8) line 109 (press h for help or q to quit)[27m[K[K [KESCESC[K[[[KBB[K[1mSEE[0m [1mALSO[0m[m
[7m Manual page groupadd(8) line 110 (press h for help or q to quit)[27m[K[K [KESCESC[K[[[KBB[K       [1mchfn[0m(1), [1mchsh[0m(1), [1mpasswd[0m(1), [1mgpasswd[0m(8), [1mgroupdel[0m(8), [1mgroupmod[0m(8), [1mlogin.defs[0m(5),[m
[7m Manual page groupadd(8) line 111 (press h for help or q to quit)[27m[K[K [KESCESC[K[[[KBB[K       [1museradd[0m(8), [1muserdel[0m(8), [1musermod[0m(8).[m
[7m Manual page groupadd(8) line 112 (press h for help or q to quit)[27m[K[K [KESCESC[K[[[KBB[K[m
[7m Manual page groupadd(8) line 113 (press h for help or q to quit)[27m[K[K [KESCESC[K[[[KBB[Kshadow-utils 4.6                            08/09/2019                                GROUPADD(8)[m
[7m Manual page groupadd(8) line 114 (press h for help or q to quit)[27m[K[K [KESCESC[K[[[KBB[K[K[7m Manual page groupadd(8) line 114/151 (END) (press h for help or q to quit)[27m[K[K [KESCESC[K[[[KBB[K[K[7m Manual page groupadd(8) line 114/151 (END) (press h for help or q to quit)[27m[K[K [KESCESC[K[[[KBB[K[K[7m Manual page groupadd(8) line 114/151 (END) (press h for help or q to quit)[27m[K[K [KESCESC[K[[[KBB[K[K[7m Manual page groupadd(8) line 114/151 (END) (press h for help or q to quit)[27m[K[K [KESCESC[K[[[KBB[K[K[7m Manual page groupadd(8) line 114/151 (END) (press h for help or q to quit)[27m[K[K [KESCESC[K[[[KBB[K[K[7m Manual page groupadd(8) line 114/151 (END) (press h for help or q to quit)[27m[K[K [KESCESC[K[[[KBB[K[K[7m Manual page groupadd(8) line 114/151 (END) (press h for help or q to quit)[27m[K[K [KESCESC[K[[[KBB[K[K[7m Manual page groupadd(8) line 114/151 (END) (press h for help or q to quit)[27m[K[K [KESCESC[K[[[KBB[K[K[7m Manual page groupadd(8) line 114/151 (END) (press h for help or q to quit)[27m[K[K [KESCESC[K[[[KBB[K[K[7m Manual page groupadd(8) line 114/151 (END) (press h for help or q to quit)[27m[K[K [KESCESC[K[[[KBB[K[K[7m Manual page groupadd(8) line 114/151 (END) (press h for help or q to quit)[27m[K[K [KESCESC[K[[[KAA[K[HM       They can end with a dollar sign. Dashes are not allowed at the beginning of the groupname.[m
[37;1H[K[7m Manual page groupadd(8) line 113/151 99% (press h for help or q to quit)[27m[K[K [KESCESC[K[[[KAA[K[HM       Groupnames may contain only lower and upper case letters, digits, underscores, or dashes.[m
[37;1H[K[7m Manual page groupadd(8) line 112/151 99% (press h for help or q to quit)[27m[K[K [KESCESC[K[[[KAA[K[HM[1mCAVEATS[0m[m
[37;1H[K[7m Manual page groupadd(8) line 111/151 97% (press h for help or q to quit)[27m[K[K [KESCESC[K[[[KAA[K[HM[m
[37;1H[K[7m Manual page groupadd(8) line 110/151 95% (press h for help or q to quit)[27m[K[K [KESCESC[K[[[KAA[K[HM           Shadow password suite configuration.[m
[37;1H[K[7m Manual page groupadd(8) line 109/151 94% (press h for help or q to quit)[27m[K[K [KESCESC[K[[[KAA[K[HM       /etc/login.defs[m
[37;1H[K[7m Manual page groupadd(8) line 108/151 94% (press h for help or q to quit)[27m[K[K [KESCESC[K[[[KAA[K[HM[m
[37;1H[K[7m Manual page groupadd(8) line 107/151 94% (press h for help or q to quit)[27m[K[K [KESCESC[K[[[KAA[K[HM           Secure group account information.[m
[37;1H[K[7m Manual page groupadd(8) line 106/151 93% (press h for help or q to quit)[27m[K[K [KESCESC[K[[[KAA[K[HM       /etc/gshadow[m
[37;1H[K[7m Manual page groupadd(8) line 105/151 93% (press h for help or q to quit)[27m[K[K [KESCESC[K[[[KAA[K[HM[m
[37;1H[K[7m Manual page groupadd(8) line 104/151 93% (press h for help or q to quit)[27m[K[K [KESCESC[K[[[KAA[K[HM           Group account information.[m
[37;1H[K[7m Manual page groupadd(8) line 103/151 93% (press h for help or q to quit)[27m[K[K [KESCESC[K[[[KAA[K[HM       /etc/group[m
[37;1H[K[7m Manual page groupadd(8) line 102/151 93% (press h for help or q to quit)[27m[K[K [KESCESC[K[[[KAA[K[HM[1mFILES[0m[m
[37;1H[K[7m Manual page groupadd(8) line 101/151 92% (press h for help or q to quit)[27m[K[K [KESCESC[K[[[KAA[K[HM[m
[37;1H[K[7m Manual page groupadd(8) line 100/151 92% (press h for help or q to quit)[27m[K[K [KESCESC[K[[[KAA[K[HM           The default value for [1mSYS_GID_MIN[0m (resp.  [1mSYS_GID_MAX[0m) is 101 (resp.  [1mGID_MIN[0m-1).[m
[37;1H[K[7m Manual page groupadd(8) line 99/151 92% (press h for help or q to quit)[27m[K[K [KESCESC[K[[[KAA[K[HM[m
[37;1H[K[7m Manual page groupadd(8) line 98/151 91% (press h for help or q to quit)[27m[K[K [KESCESC[K[[[KAA[K[HM           [1mnewusers[0m.[m
[37;1H[K[7m Manual page groupadd(8) line 97/151 91% (press h for help or q to quit)[27m[K[K [KESCESC[K[[[KAA[K[HM           Range of group IDs used for the creation of system groups by [1museradd[0m, [1mgroupadd[0m, or[m
[37;1H[K[7m Manual page groupadd(8) line 96/151 91% (press h for help or q to quit)[27m[K[K [KESCESC[K[[[KAA[K[HM       [1mSYS_GID_MAX[0m (number), [1mSYS_GID_MIN[0m (number)[m
[37;1H[K[7m Manual page groupadd(8) line 95/151 91% (press h for help or q to quit)[27m[K[K [KESCESC[K[[[KAA[K[HM[m
[37;1H[K[7m Manual page groupadd(8) line 94/151 90% (press h for help or q to quit)[27m[K[K [KESCESC[K[[[KAA[K[HM           You should not use this variable unless you really need it.[m
[37;1H[K[7m Manual page groupadd(8) line 93/151 90% (press h for help or q to quit)[27m[K[K [KESCESC[K[[[KAA[K[HM           Note: split groups may not be supported by all tools (even in the Shadow toolsuite).[m
[37;1H[K[7m Manual page groupadd(8) line 92/151 90% (press h for help or q to quit)[27m[K[K [KESCESC[K[[[KAA[K[HM[m
[37;1H[K[7m Manual page groupadd(8) line 91/151 90% (press h for help or q to quit)[27m[K[K [KESCESC[K[[[KAA[K[HM           If you need to enforce such limit, you can use 25.[m
[37;1H[K[7m Manual page groupadd(8) line 90/151 90% (press h for help or q to quit)[27m[K[K [KESCESC[K[[[KAA[K[HM[m
[37;1H[K[7m Manual page groupadd(8) line 89/151 89% (press h for help or q to quit)[27m[K[K [KESCESC[K[[[KAA[K[HM           characters.[m
[37;1H[K[7m Manual page groupadd(8) line 88/151 88% (press h for help or q to quit)[27m[K[K [KESCESC[K[[[KAA[K[HM           This is useful to make sure that lines for NIS groups are not larger than 1024[m
[37;1H[K[7m Manual page groupadd(8) line 87/151 88% (press h for help or q to quit)[27m[K[K [KESCESC[K[[[KAA[K[HM           This feature (split group) permits to limit the length of lines in the group file.[m
[37;1H[K[7m Manual page groupadd(8) line 86/151 87% (press h for help or q to quit)[27m[K[K [KESCESC[K[[[KAA[K[HM[m
[37;1H[K[7m Manual page groupadd(8) line 85/151 86% (press h for help or q to quit)[27m[K[K [KESCESC[K[[[KAA[K[HM           group.[m
[37;1H[K[7m Manual page groupadd(8) line 84/151 86% (press h for help or q to quit)[27m[K[K [KESCESC[K[[[KAA[K[HM           The default value is 0, meaning that there are no limits in the number of members in a[m
[37;1H[K[7m Manual page groupadd(8) line 83/151 85% (press h for help or q to quit)[27m[K[K [KESCESC[K[[[KAA[K[HM[m
[37;1H[K[7m Manual page groupadd(8) line 82/151 85% (press h for help or q to quit)[27m[K[K [KESCESC[K[[[KAA[K[HM           is started in /etc/group (with the same name, same password, and same GID).[m
[37;1H[K[7m Manual page groupadd(8) line 81/151 84% (press h for help or q to quit)[27m[K[K [KESCESC[K[[[KAA[K[HM           Maximum members per group entry. When the maximum is reached, a new group entry (line)[m
[37;1H[K[7m Manual page groupadd(8) line 80/151 84% (press h for help or q to quit)[27m[K[K [KESCESC[K[[[KAA[K[HM       [1mMAX_MEMBERS_PER_GROUP[0m (number)[m
[37;1H[K[7m Manual page groupadd(8) line 79/151 83% (press h for help or q to quit)[27m[K[K [KESCESC[K[[[KAA[K[HM[m
[37;1H[K[7m Manual page groupadd(8) line 78/151 82% (press h for help or q to quit)[27m[K[K [KESCESC[K[[[KAA[K[HM           The default value for [1mGID_MIN[0m (resp.  [1mGID_MAX[0m) is 1000 (resp. 60000).[m
[37;1H[K[7m Manual page groupadd(8) line 77/151 80% (press h for help or q to quit)[27m[K[K [KESCESC[K[[[KAA[K[HM[m
[37;1H[K[7m Manual page groupadd(8) line 76/151 79% (press h for help or q to quit)[27m[K[K [KESCESC[K[[[KAA[K[HM           [1mnewusers[0m.[m
[37;1H[K[7m Manual page groupadd(8) line 75/151 78% (press h for help or q to quit)[27m[K[K [KESCESC[K[[[KAA[K[HM           Range of group IDs used for the creation of regular groups by [1museradd[0m, [1mgroupadd[0m, or[m
[37;1H[K[7m Manual page groupadd(8) line 74/151 78% (press h for help or q to quit)[27m[K[K [KESCESC[K[[[KAA[K[HM       [1mGID_MAX[0m (number), [1mGID_MIN[0m (number)[m
[37;1H[K[7m Manual page groupadd(8) line 73/151 78% (press h for help or q to quit)[27m[K[K [KESCESC[K[[[KAA[K[HM[m
[37;1H[K[7m Manual page groupadd(8) line 72/151 77% (press h for help or q to quit)[27m[K[K [KESCESC[K[[[KAA[K[HM       The following configuration variables in /etc/login.defs change the behavior of this tool:[m
[37;1H[K[7m Manual page groupadd(8) line 71/151 77% (press h for help or q to quit)[27m[K[K [KESCESC[K[[[KAA[K[HM[1mCONFIGURATION[0m[m
[37;1H[K[7m Manual page groupadd(8) line 70/151 77% (press h for help or q to quit)[27m[K[K [KESCESC[K[[[KAA[K[HM[m
[37;1H[K[7m Manual page groupadd(8) line 69/151 76% (press h for help or q to quit)[27m[K[K [KESCESC[K[[[KAA[K[HM           verified. PAM authentication is using the host files. No SELINUX support.[m
[37;1H[K[7m Manual page groupadd(8) line 68/151 76% (press h for help or q to quit)[27m[K[K [KESCESC[K[[[KAA[K[HM           cross-compilation target. Some limitations: NIS and LDAP users/groups are not[m
[37;1H[K[7m Manual page groupadd(8) line 67/151 76% (press h for help or q to quit)[27m[K[K [KESCESC[K[[[KAA[K[HM           [4mPREFIX_DIR[24m directory. This option does not chroot and is intended for preparing a[m
[37;1H[K[7m Manual page groupadd(8) line 66/151 76% (press h for help or q to quit)[27m[K[K [KESCESC[K[[[KAA[K[HM           Apply changes in the [4mPREFIX_DIR[24m directory and use the configuration files from the[m
[37;1H[K[7m Manual page groupadd(8) line 65/151 75% (press h for help or q to quit)[27m[K[K [KESCESC[K[[[KAA[K[HM       [1m-P[0m, [1m--prefix[0m [4mPREFIX_DIR[24m[m
[37;1H[K[7m Manual page groupadd(8) line 64/151 75% (press h for help or q to quit)[27m[K[K [KESCESC[K[[[KAA[K[HM[m
[37;1H[K[7m Manual page groupadd(8) line 63/151 73% (press h for help or q to quit)[27m[K[K [KESCESC[K[[[KAA[K[HM           [4mCHROOT_DIR[24m directory.[m
[37;1H[K[7m Manual page groupadd(8) line 62/151 73% (press h for help or q to quit)[27m[K[K [KESCESC[K[[[KAA[K[HM           Apply changes in the [4mCHROOT_DIR[24m directory and use the configuration files from the[m
[37;1H[K[7m Manual page groupadd(8) line 61/151 72% (press h for help or q to quit)[27m[K[K [KESCESC[K[[[KAA[K[HM       [1m-R[0m, [1m--root[0m [4mCHROOT_DIR[24m[m
[37;1H[K[7m Manual page groupadd(8) line 60/151 71% (press h for help or q to quit)[27m[K[K [KESCESC[K[[[KAA[K[HM[m
[37;1H[K[7m Manual page groupadd(8) line 59/151 69% (press h for help or q to quit)[27m[K[K [KESCESC[K[[[KAA[K[HM           range, defined in login.defs, instead of [1mGID_MIN[0m-[1mGID_MAX[0m.[m
[37;1H[K[7m Manual page groupadd(8) line 58/151 69% (press h for help or q to quit)[27m[K[K [KESCESC[K[[[KAA[K[HM           The numeric identifiers of new system groups are chosen in the [1mSYS_GID_MIN[0m-[1mSYS_GID_MAX[0m[m
[37;1H[K[7m Manual page groupadd(8) line 57/151 68% (press h for help or q to quit)[27m[K[K [KESCESC[K[[[KAA[K[HM[m
[37;1H[K[7m Manual page groupadd(8) line 56/151 67% (press h for help or q to quit)[27m[K[K [KESCESC[K[[[KAA[K[HM           Create a system group.[m
[37;1H[K[7m Manual page groupadd(8) line 55/151 67% (press h for help or q to quit)[27m[K[K [KESCESC[K[[[KAA[K[HM       [1m-r[0m, [1m--system[0m[m
[37;1H[K[7m Manual page groupadd(8) line 54/151 66% (press h for help or q to quit)[27m[K[K [KESCESC[K[[[KAA[K[HM[m
[37;1H[K[7m Manual page groupadd(8) line 53/151 66% (press h for help or q to quit)[27m[K[K [KESCESC[K[[[KAA[K[HM           You should make sure the password respects the system's password policy.[m
[37;1H[K[7m Manual page groupadd(8) line 52/151 66% (press h for help or q to quit)[27m[K[K [KESCESC[K[[[KAA[K[HM[m
[37;1H[K[7m Manual page groupadd(8) line 51/151 64% (press h for help or q to quit)[27m[K[K [KESCESC[K[[[KAA[K[HM           be visible by users listing the processes.[m
[37;1H[K[7m Manual page groupadd(8) line 50/151 63% (press h for help or q to quit)[27m[K[K [KESCESC[K[[[KAA[K[HM           [1mNote:[0m This option is not recommended because the password (or encrypted password) will[m
[37;1H[K[7m Manual page groupadd(8) line 49/151 63% (press h for help or q to quit)[27m[K[K [KESCESC[K[[[KAA[K[HM[m
[37;1H[K[7m Manual page groupadd(8) line 48/151 63% (press h for help or q to quit)[27m[K[K [KESCESC[K[[[KAA[K[HM           password.[m
[37;1H[K[7m Manual page groupadd(8) line 47/151 61% (press h for help or q to quit)[27m[K[K [KESCESC[K[[[KAA[K[HM           The encrypted password, as returned by [1mcrypt[0m(3). The default is to disable the[m
[37;1H[K[7m Manual page groupadd(8) line 46/151 61% (press h for help or q to quit)[27m[K[K [KESCESC[K[[[KAA[K[HM       [1m-p[0m, [1m--password[0m [4mPASSWORD[24m[m
[37;1H[K[7m Manual page groupadd(8) line 45/151 60% (press h for help or q to quit)[27m[K[K [KESCESC[K[[[KAA[K[HM[m
[37;1H[K[7m Manual page groupadd(8) line 44/151 58% (press h for help or q to quit)[27m[K[K [KESCESC[K[[[KAA[K[HM           This option permits to add a group with a non-unique GID.[m
[37;1H[K[7m Manual page groupadd(8) line 43/151 57% (press h for help or q to quit)[27m[K[K [KESCESC[K[[[KAA[K[HM       [1m-o[0m, [1m--non-unique[0m[m
[37;1H[K[7m Manual page groupadd(8) line 42/151 57% (press h for help or q to quit)[27m[K[K [KESCESC[K[[[KAA[K[HM[m
[37;1H[K[7m Manual page groupadd(8) line 41/151 56% (press h for help or q to quit)[27m[K[K [KESCESC[K[[[KAA[K[HM           Note: [1m-K[0m [4mGID_MIN[24m=[4m10[24m,[4mGID_MAX[24m=[4m499[24m doesn't work yet.[m
[37;1H[K[7m Manual page groupadd(8) line 40/151 55% (press h for help or q to quit)[27m[K[K [KESCESC[K[[[KAA[K[HM[m
[37;1H[K[7m Manual page groupadd(8) line 39/151 55% (press h for help or q to quit)[27m[K[K [KESCESC[K[[[KAA[K[HM           Example: [1m-K[0m [4mGID_MIN[24m=[4m100[24m  [1m-K[0m [4mGID_MAX[24m=[4m499[24m[m
[37;1H[K[7m Manual page groupadd(8) line 38/151 53% (press h for help or q to quit)[27m[K[K [KESCESC[K[[[KAA[K[HM[m
[37;1H[K[7m Manual page groupadd(8) line 37/151 52% (press h for help or q to quit)[27m[K[K [KESCESC[K[[[KAA[K[HM           can be specified.[m
[37;1H[K[7m Manual page groupadd(8) line 36/151 52% (press h for help or q to quit)[27m[K[K [KESCESC[K[[[KAA[K[HM           Overrides /etc/login.defs defaults (GID_MIN, GID_MAX and others). Multiple [1m-K[0m options[m
[37;1H[K[7m Manual page groupadd(8) line 35/151 51% (press h for help or q to quit)[27m[K[K [KESCESC[K[[[KAA[K[HM       [1m-K[0m, [1m--key[0m [4mKEY[24m=[4mVALUE[24m[m
[37;1H[K[7m Manual page groupadd(8) line 34/151 50% (press h for help or q to quit)[27m[K[K [KESCESC[K[[[KAA[K[HM[m
[37;1H[K[7m Manual page groupadd(8) line 33/151 50% (press h for help or q to quit)[27m[K[K [KESCESC[K[[[KAA[K[HM           Display help message and exit.[m
[37;1H[K[7m Manual page groupadd(8) line 32/151 49% (press h for help or q to quit)[27m[K[K [KESCESC[K[[[KAA[K[HM       [1m-h[0m, [1m--help[0m[m
[37;1H[K[7m Manual page groupadd(8) line 31/151 47% (press h for help or q to quit)[27m[K[K [KESCESC[K[[[KAA[K[HM[m
[37;1H[K[7m Manual page groupadd(8) line 30/151 46% (press h for help or q to quit)[27m[K[K [KESCESC[K[[[KAA[K[HM           See also the [1m-r[0m option and the [1mGID_MAX[0m description.[m
[37;1H[K[7m Manual page groupadd(8) line 29/151 44% (press h for help or q to quit)[27m[K[K [KESCESC[K[[[KAA[K[HM[m
[37;1H[K[7m Manual page groupadd(8) line 28/151 43% (press h for help or q to quit)[27m[K[K [KESCESC[K[[[KAA[K[HM           greater than or equal to [1mGID_MIN[0m and greater than every other group.[m
[37;1H[K[7m Manual page groupadd(8) line 27/151 43% (press h for help or q to quit)[27m[K[K [KESCESC[K[[[KAA[K[HM           is used. The value must be non-negative. The default is to use the smallest ID value[m
[37;1H[K[7m Manual page groupadd(8) line 26/151 42% (press h for help or q to quit)[27m[K[K [KESCESC[K[[[KAA[K[HM           The numerical value of the group's ID. This value must be unique, unless the [1m-o[0m option[m
[37;1H[K[7m Manual page groupadd(8) line 25/151 41% (press h for help or q to quit)[27m[K[K [KESCESC[K[[[KAA[K[HM       [1m-g[0m, [1m--gid[0m [4mGID[24m[m
[37;1H[K[7m Manual page groupadd(8) line 24/151 40% (press h for help or q to quit)[27m[K[K [KESCESC[K[[[KAA[K[HM[m
[37;1H[K[7m Manual page groupadd(8) line 23/151 40% (press h for help or q to quit)[27m[K[K [KESCESC[K[[[KAA[K[HM           (unique) GID is chosen (i.e.  [1m-g[0m is turned off).[m
[37;1H[K[7m Manual page groupadd(8) line 22/151 38% (press h for help or q to quit)[27m[K[K [KESCESC[K[[[KAA[K[HM           group already exists. When used with [1m-g[0m, and the specified GID already exists, another[m
[37;1H[K[7m Manual page groupadd(8) line 21/151 36% (press h for help or q to quit)[27m[K[K [KESCESC[K[[[KAA[K[HM           This option causes the command to simply exit with success status if the specified[m
[37;1H[K[7m Manual page groupadd(8) line 20/151 36% (press h for help or q to quit)[27m[K[K [KESCESC[K[[[KAA[K[HM       [1m-f[0m, [1m--force[0m[m
[37;1H[K[7m Manual page groupadd(8) line 19/151 36% (press h for help or q to quit)[27m[K[K [KESCESC[K[[[KAA[K[HM[m
[37;1H[K[7m Manual page groupadd(8) line 18/151 35% (press h for help or q to quit)[27m[K[K [KESCESC[K[[[KAA[K[HM       The options which apply to the [1mgroupadd[0m command are:[m
[37;1H[K[7m Manual page groupadd(8) line 17/151 35% (press h for help or q to quit)[27m[K[K [KESCESC[K[[[KAA[K[HM[1mOPTIONS[0m[m
[37;1H[K[7m Manual page groupadd(8) line 16/151 34% (press h for help or q to quit)[27m[K[K [KESCESC[K[[[KAA[K[HM[m
[37;1H[K[7m Manual page groupadd(8) line 15/151 34% (press h for help or q to quit)[27m[K[K [KESCESC[K[[[KAA[K[HM       system files as needed.[m
[37;1H[K[7m Manual page groupadd(8) line 14/151 33% (press h for help or q to quit)[27m[K[K [KESCESC[K[[[KAA[K[HM       line plus the default values from the system. The new group will be entered into the[m
[37;1H[K[7m Manual page groupadd(8) line 13/151 31% (press h for help or q to quit)[27m[K[K [KESCESC[K[[[KAA[K[HM       The [1mgroupadd[0m command creates a new group account using the values specified on the command[m
[37;1H[K[7m Manual page groupadd(8) line 12/151 31% (press h for help or q to quit)[27m[K[K [KESCESC[K[[[KAA[K[HM[1mDESCRIPTION[0m[m
[37;1H[K[7m Manual page groupadd(8) line 11/151 31% (press h for help or q to quit)[27m[K[K [KESCESC[K[[[KAA[K[HM[m
[37;1H[K[7m Manual page groupadd(8) line 10/151 29% (press h for help or q to quit)[27m[K[K [KESCESC[K[[[KAA[K[HM       [1mgroupadd[0m [[4moptions[24m] [4mgroup[24m[m
[37;1H[K[7m Manual page groupadd(8) line 9/151 28% (press h for help or q to quit)[27m[K[K [KESCESC[K[[[KAA[K[HM[1mSYNOPSIS[0m[m
[37;1H[K[7m Manual page groupadd(8) line 8/151 28% (press h for help or q to quit)[27m[K[K [KESCESC[K[[[KAA[K[HM[m
[37;1H[K[7m Manual page groupadd(8) line 7/151 27% (press h for help or q to quit)[27m[K[K [KESCESC[K[[[KAA[K[HM       groupadd - create a new group[m
[37;1H[K[7m Manual page groupadd(8) line 6/151 27% (press h for help or q to quit)[27m[K[K [KESCESC[K[[[KAA[K[HM[1mNAME[0m[m
[37;1H[K[7m Manual page groupadd(8) line 5/151 27% (press h for help or q to quit)[27m[K[K [KESCESC[K[[[KAA[K[HM[m
[37;1H[K[7m Manual page groupadd(8) line 4/151 25% (press h for help or q to quit)[27m[K[K [KESCESC[K[[[KAA[K[HMGROUPADD(8)                         System Management Commands                        GROUPADD(8)[m
[37;1H[K[7m Manual page groupadd(8) line 1/151 25% (press h for help or q to quit)[27m[K[K [KESCESC[K[[[KAA[K[K[7m Manual page groupadd(8) line 1/151 25% (press h for help or q to quit)[27m[K[K [KESCESC[K[[[KAA[K[K[7m Manual page groupadd(8) line 1/151 25% (press h for help or q to quit)[27m[K[K [KESCESC[K[[[KAA[K[K[7m Manual page groupadd(8) line 1/151 25% (press h for help or q to quit)[27m[K[K [KESCESC[K[[[KAA[K[K[7m Manual page groupadd(8) line 1/151 25% (press h for help or q to quit)[27m[K[K [KESCESC[K[[[KAA[K[K[7m Manual page groupadd(8) line 1/151 25% (press h for help or q to quit)[27m[K[K [KESCESC[K[[[KAA[K[K[7m Manual page groupadd(8) line 1/151 25% (press h for help or q to quit)[27m[K[K [KESCESC[K[[[KAA[K[K[7m Manual page groupadd(8) line 1/151 25% (press h for help or q to quit)[27m[K[K [KESCESC[K[[[KAA[K[K[7m Manual page groupadd(8) line 1/151 25% (press h for help or q to quit)[27m[K[K[cent@localhost ~]$ useradd --help
Usage: useradd [options] LOGIN
       useradd -D
       useradd -D [options]

Options:
  -b, --base-dir BASE_DIR       base directory for the home directory of the
                                new account
  -c, --comment COMMENT         GECOS field of the new account
  -d, --home-dir HOME_DIR       home directory of the new account
  -D, --defaults                print or change default useradd configuration
  -e, --expiredate EXPIRE_DATE  expiration date of the new account
  -f, --inactive INACTIVE       password inactivity period of the new account
  -g, --gid GROUP               name or ID of the primary group of the new
                                account
  -G, --groups GROUPS           list of supplementary groups of the new
                                account
  -h, --help                    display this help message and exit
  -k, --skel SKEL_DIR           use this alternative skeleton directory
  -K, --key KEY=VALUE           override /etc/login.defs defaults
  -l, --no-log-init             do not add the user to the lastlog and
                                faillog databases
  -m, --create-home             create the user's home directory
  -M, --no-create-home          do not create the user's home directory
  -N, --no-user-group           do not create a group with the same name as
                                the user
  -o, --non-unique              allow to create users with duplicate
                                (non-unique) UID
  -p, --password PASSWORD       encrypted password of the new account
  -r, --system                  create a system account
  -R, --root CHROOT_DIR         directory to chroot into
  -P, --prefix PREFIX_DIR       prefix directory where are located the /etc/* files
  -s, --shell SHELL             login shell of the new account
  -u, --uid UID                 user ID of the new account
  -U, --user-group              create a group with the same name as the user
  -Z, --selinux-user SEUSER     use a specific SEUSER for the SELinux user mapping

[cent@localhost ~]$ -m /[K[K[K[K-d /eng[K[K[K[K[Kuser[K[K[K[K useradd [K[K[K[K[K[K[K[K[K[K[Ksudo useradd -d /eng[K[K[K[3Puseradd --helpsudo useradd -d /[3Puseradd --help[2Pman groupaddgroupadd --helpsudo groupadd Sales[3PISSales[3PISEng[1PISSales[4Pgroupadd --help[3Pman groupadduseradd --helpsudo useradd -d /[K/EN[Kng -s /bin/bash -G Eng Eng1
[sudo] password for cent: 
[cent@localhost ~]$ sudo useradd -d /Eng -s /bin/bash -G Eng Eng1[K2
useradd: warning: the home directory already exists.
Not copying any file from skel directory into it.
[cent@localhost ~]$ sudo useradd -d /Eng -s /bin/bash -G Eng Eng2[C[C[C[C[C[C[C[1P[1P[1P[1P[1P[1P[C[1P[1P
useradd: user 'Eng2' already exists
[cent@localhost ~]$ sudo useradd -s /bin/bash -G Eng Eng2[K3
[cent@localhost ~]$ sudo useradd -s /bin/bash -G Eng Eng3[K[K[K[K[K[K[K[KIs[K[KEng Eng2[8@d /Eng -[C[C[C[C[C[C[C[C[C[C[C[C[C[C[C[C[C[C[C[C[C[C[C1[C[C[C[C[C[C[C[C[C[C[C[C[C[C[C[C[C[C[C[Cuseradd --help[K[2Pman groupaddgroupadd --helpsudo groupadd Sales[3PISEng[1PISEng[5P[C[C[C[C[C[C[C[C[C[C[C[C[5@sudo [C[C[C[C[C[C[C[C[C[C[C[C[5P[C[C[C[C[C[C[C[C[C[C[C[Cls[Kmkdir ISls[Kgroupadd Eng[5@sudo [C[C[C[C[C[C[C[C[C[C[C[C[1PISSales[4Pgroupadd --help[3Pman groupadduseradd --helpsudo useradd -d /Eng -s /bin/bash -G Eng Eng12[8P[C[C[C[C[C[C[C[C[C[C[C[C[C[C[C[C[C[C[C[C[C[C[C[K[C[C[C[C[C[C[C[C[C[C[C[C[C[C[C[C[C[C[C[C[Ksudo useradd -s /bin/bash -G [C[C[C[C[C[C[C[C[C[C[C[C[C[C[C[C[C[C[C[C[Ksudo useradd -s /bin/bash -G IS IS1
[cent@localhost ~]$ sudo useradd -s /bin/bash -G IS IS1[K2
[cent@localhost ~]$ sudo useradd -s /bin/bash -G IS IS2[K3
[cent@localhost ~]$ sudo useradd -s /bin/bash -G IS IS3[K[K[KS^?[K[K[K[K[KSales 1[KSales1
[cent@localhost ~]$ sudo useradd -s /bin/bash -G Sales Sales1[K2
[cent@localhost ~]$ sudo useradd -s /bin/bash -G Sales Sales2[K2[K3
[cent@localhost ~]$ pwd
/home/cent
[cent@localhost ~]$ ls
[0m[01;34mbin[0m  [01;34mEng[0m  [01;34mIS[0m  [01;34mrepos[0m  [01;34mSales[0m  test  test-cleaned.txt
[cent@localhost ~]$ sudo useradd[K[K[Kmod -h
Usage: usermod [options] LOGIN

Options:
  -c, --comment COMMENT         new value of the GECOS field
  -d, --home HOME_DIR           new home directory for the user account
  -e, --expiredate EXPIRE_DATE  set account expiration date to EXPIRE_DATE
  -f, --inactive INACTIVE       set password inactive after expiration
                                to INACTIVE
  -g, --gid GROUP               force use GROUP as new primary group
  -G, --groups GROUPS           new list of supplementary GROUPS
  -a, --append                  append the user to the supplemental GROUPS
                                mentioned by the -G option without removing
                                the user from other groups
  -h, --help                    display this help message and exit
  -l, --login NEW_LOGIN         new value of the login name
  -L, --lock                    lock the user account
  -m, --move-home               move contents of the home directory to the
                                new location (use only with -d)
  -o, --non-unique              allow using duplicate (non-unique) UID
  -p, --password PASSWORD       use encrypted password for the new password
  -R, --root CHROOT_DIR         directory to chroot into
  -P, --prefix PREFIX_DIR       prefix directory where are located the /etc/* files
  -s, --shell SHELL             new login shell for the user account
  -u, --uid UID                 new UID for the user account
  -U, --unlock                  unlock the user account
  -v, --add-subuids FIRST-LAST  add range of subordinate uids
  -V, --del-subuids FIRST-LAST  remove range of subordinate uids
  -w, --add-subgids FIRST-LAST  add range of subordinate gids
  -W, --del-subgids FIRST-LAST  remove range of subordinate gids
  -Z, --selinux-user SEUSER     new SELinux user mapping for the user account

[cent@localhost ~]$ sudo usermod -h[Ka IS1[K[K[KIS IS1[K[K[K[K[K[K[K admin IS1
Usage: usermod [options] LOGIN

Options:
  -c, --comment COMMENT         new value of the GECOS field
  -d, --home HOME_DIR           new home directory for the user account
  -e, --expiredate EXPIRE_DATE  set account expiration date to EXPIRE_DATE
  -f, --inactive INACTIVE       set password inactive after expiration
                                to INACTIVE
  -g, --gid GROUP               force use GROUP as new primary group
  -G, --groups GROUPS           new list of supplementary GROUPS
  -a, --append                  append the user to the supplemental GROUPS
                                mentioned by the -G option without removing
                                the user from other groups
  -h, --help                    display this help message and exit
  -l, --login NEW_LOGIN         new value of the login name
  -L, --lock                    lock the user account
  -m, --move-home               move contents of the home directory to the
                                new location (use only with -d)
  -o, --non-unique              allow using duplicate (non-unique) UID
  -p, --password PASSWORD       use encrypted password for the new password
  -R, --root CHROOT_DIR         directory to chroot into
  -P, --prefix PREFIX_DIR       prefix directory where are located the /etc/* files
  -s, --shell SHELL             new login shell for the user account
  -u, --uid UID                 new UID for the user account
  -U, --unlock                  unlock the user account
  -v, --add-subuids FIRST-LAST  add range of subordinate uids
  -V, --del-subuids FIRST-LAST  remove range of subordinate uids
  -w, --add-subgids FIRST-LAST  add range of subordinate gids
  -W, --del-subgids FIRST-LAST  remove range of subordinate gids
  -Z, --selinux-user SEUSER     new SELinux user mapping for the user account

[cent@localhost ~]$ sudo usermod -a admin IS1[C[C[C[C[C[C[C[C[C[C[C[C[C[C[C[C[C[C[C[C[Kclear
[H[J[cent@localhost ~]$ clearsudo usermod -a admin IS1[K IS1
Usage: usermod [options] LOGIN

Options:
  -c, --comment COMMENT         new value of the GECOS field
  -d, --home HOME_DIR           new home directory for the user account
  -e, --expiredate EXPIRE_DATE  set account expiration date to EXPIRE_DATE
  -f, --inactive INACTIVE       set password inactive after expiration
                                to INACTIVE
  -g, --gid GROUP               force use GROUP as new primary group
  -G, --groups GROUPS           new list of supplementary GROUPS
  -a, --append                  append the user to the supplemental GROUPS
                                mentioned by the -G option without removing
                                the user from other groups
  -h, --help                    display this help message and exit
  -l, --login NEW_LOGIN         new value of the login name
  -L, --lock                    lock the user account
  -m, --move-home               move contents of the home directory to the
                                new location (use only with -d)
  -o, --non-unique              allow using duplicate (non-unique) UID
  -p, --password PASSWORD       use encrypted password for the new password
  -R, --root CHROOT_DIR         directory to chroot into
  -P, --prefix PREFIX_DIR       prefix directory where are located the /etc/* files
  -s, --shell SHELL             new login shell for the user account
  -u, --uid UID                 new UID for the user account
  -U, --unlock                  unlock the user account
  -v, --add-subuids FIRST-LAST  add range of subordinate uids
  -V, --del-subuids FIRST-LAST  remove range of subordinate uids
  -w, --add-subgids FIRST-LAST  add range of subordinate gids
  -W, --del-subgids FIRST-LAST  remove range of subordinate gids
  -Z, --selinux-user SEUSER     new SELinux user mapping for the user account

[cent@localhost ~]$ sudo usermod -a admin IS IS1[K[K[K[K[K[K[K[K[K[K[K[K[K[K[K[K[K[K[K[K[K[K[K[K[K[K[K[Kclear
[H[J[cent@localhost ~]$ clearsudo usermod -a admin IS IS1[C[C[C[C[C[C[C[C[C[C[C[C[C[C[C[C[C[C[C[Cclear[Ksudo usermod -a admin IS IS1[K[K[K[K[K[KE[K[Kclear[K[K[K[K[K[Kls
[0m[01;34mbin[0m  [01;34mEng[0m  [01;34mIS[0m  [01;34mrepos[0m  [01;34mSales[0m  test  test-cleaned.txt
[cent@localhost ~]$ lsclearsudo usermod -a admin Eng [K1
Usage: usermod [options] LOGIN

Options:
  -c, --comment COMMENT         new value of the GECOS field
  -d, --home HOME_DIR           new home directory for the user account
  -e, --expiredate EXPIRE_DATE  set account expiration date to EXPIRE_DATE
  -f, --inactive INACTIVE       set password inactive after expiration
                                to INACTIVE
  -g, --gid GROUP               force use GROUP as new primary group
  -G, --groups GROUPS           new list of supplementary GROUPS
  -a, --append                  append the user to the supplemental GROUPS
                                mentioned by the -G option without removing
                                the user from other groups
  -h, --help                    display this help message and exit
  -l, --login NEW_LOGIN         new value of the login name
  -L, --lock                    lock the user account
  -m, --move-home               move contents of the home directory to the
                                new location (use only with -d)
  -o, --non-unique              allow using duplicate (non-unique) UID
  -p, --password PASSWORD       use encrypted password for the new password
  -R, --root CHROOT_DIR         directory to chroot into
  -P, --prefix PREFIX_DIR       prefix directory where are located the /etc/* files
  -s, --shell SHELL             new login shell for the user account
  -u, --uid UID                 new UID for the user account
  -U, --unlock                  unlock the user account
  -v, --add-subuids FIRST-LAST  add range of subordinate uids
  -V, --del-subuids FIRST-LAST  remove range of subordinate uids
  -w, --add-subgids FIRST-LAST  add range of subordinate gids
  -W, --del-subgids FIRST-LAST  remove range of subordinate gids
  -Z, --selinux-user SEUSER     new SELinux user mapping for the user account

[cent@localhost ~]$ groups IS1
IS1 : IS1 IS
[cent@localhost ~]$ ig[K[K-g[K[Ksudo -g [K[K[K[K usermod -g [K[KG admin IS IS1
usermod: group 'admin' does not exist
[cent@localhost ~]$ group -l
bash: group: command not found
[cent@localhost ~]$ group -l[K[K[K[Kps -l
groups: invalid option -- 'l'
Try 'groups --help' for more information.
[cent@localhost ~]$ groups -l[Kh
groups: invalid option -- 'h'
Try 'groups --help' for more information.
[cent@localhost ~]$ groui[Kps
cent wheel vboxsf
[cent@localhost ~]$ ls -l
total 8
drwxrwxr-x. 2 cent cent   21 Dec 15 15:09 [0m[01;34mbin[0m
drwxrwxr-x. 2 cent cent    6 Dec 17 00:28 [01;34mEng[0m
drwxrwxr-x. 2 cent cent    6 Dec 17 00:28 [01;34mIS[0m
drwxrwxr-x. 5 cent cent   60 Nov 17 19:39 [01;34mrepos[0m
drwxrwxr-x. 2 cent cent    6 Dec 17 00:28 [01;34mSales[0m
-rw-rw-r--. 1 cent cent 1148 Dec 15 15:11 test
-rw-rw-r--. 1 cent cent  795 Dec 15 15:11 test-cleaned.txt
[cent@localhost ~]$ sudo ownergroup _G[K[K-G ad,om OS[K[K[K[K[K[Kmin _[K-[K[K[K[K[K[K[K[K[K[K[K[K[K[K[K[K[K[K[K[K[K ^?[K[K[K[Ko chmod g+[K=rwx IS
[sudo] password for cent: 
[cent@localhost ~]$ sudo chmod g=rwx IS[K[KEng
[cent@localhost ~]$ sudo chmod g=rwx Eng[K[K[KSales
[cent@localhost ~]$ ls
[0m[01;34mbin[0m  [01;34mEng[0m  [01;34mIS[0m  [01;34mrepos[0m  [01;34mSales[0m  test  test-cleaned.txt
[cent@localhost ~]$ cd /en[K[KEng
bash: cd: /Eng: Permission denied
[cent@localhost ~]$ cd ?[K/IS
bash: cd: /IS: No such file or directory
[cent@localhost ~]$ cd /IS
bash: cd: /IS: No such file or directory
[cent@localhost ~]$ cd /IS[K[KSales
bash: cd: /Sales: No such file or directory
[cent@localhost ~]$ sudo cd /Sales
/bin/cd: line 2: cd: /Sales: No such file or directory
[cent@localhost ~]$ ls
[0m[01;34mbin[0m  [01;34mEng[0m  [01;34mIS[0m  [01;34mrepos[0m  [01;34mSales[0m  test  test-cleaned.txt
[cent@localhost ~]$ c[Ksudo chmopd[K[Kd 770 Eng
[cent@localhost ~]$ sudo chmod 770 Eng[K[K[KIS
[cent@localhost ~]$ sudo chmod 770 IS[K[KSales
[cent@localhost ~]$ sudo chmod 770 Sales[K[K[K[K[K[K[K[K[K[K[K[K[K[Khown -h
chown: missing operand
Try 'chown --help' for more information.
[cent@localhost ~]$ sudo chown -h[K-help
Usage: chown [OPTION]... [OWNER][:[GROUP]] FILE...
  or:  chown [OPTION]... --reference=RFILE FILE...
Change the owner and/or group of each FILE to OWNER and/or GROUP.
With --reference, change the owner and group of each FILE to those of RFILE.

  -c, --changes          like verbose but report only when a change is made
  -f, --silent, --quiet  suppress most error messages
  -v, --verbose          output a diagnostic for every file processed
      --dereference      affect the referent of each symbolic link (this is
                         the default), rather than the symbolic link itself
  -h, --no-dereference   affect symbolic links instead of any referenced file
                         (useful only on systems that can change the
                         ownership of a symlink)
      --from=CURRENT_OWNER:CURRENT_GROUP
                         change the owner and/or group of each file only if
                         its current owner and/or group match those specified
                         here.  Either may be omitted, in which case a match
                         is not required for the omitted attribute
      --no-preserve-root  do not treat '/' specially (the default)
      --preserve-root    fail to operate recursively on '/'
      --reference=RFILE  use RFILE's owner and group rather than
                         specifying OWNER:GROUP values
  -R, --recursive        operate on files and directories recursively

The following options modify how a hierarchy is traversed when the -R
option is also specified.  If more than one is specified, only the final
one takes effect.

  -H                     if a command line argument is a symbolic link
                         to a directory, traverse it
  -L                     traverse every symbolic link to a directory
                         encountered
  -P                     do not traverse any symbolic links (default)

      --help     display this help and exit
      --version  output version information and exit

Owner is unchanged if missing.  Group is unchanged if missing, but changed
to login group if implied by a ':' following a symbolic OWNER.
OWNER and GROUP may be numeric as well as symbolic.

Examples:
  chown root /u        Change the owner of /u to "root".
  chown root:staff /u  Likewise, but also change its group to "staff".
  chown -hR root /u    Change the owner of /u and subfiles to "root".

GNU coreutils online help: <http://www.gnu.org/software/coreutils/>
For complete documentation, run: info coreutils 'chown invocation'
[cent@localhost ~]$ sudo chown rppt[K[K[Koot:IS /IS
chown: cannot access ‘/IS’: No such file or directory
[cent@localhost ~]$ pwd
/home/cent
[cent@localhost ~]$ ls[K[Kls
[0m[01;34mbin[0m  [01;34mEng[0m  [01;34mIS[0m  [01;34mrepos[0m  [01;34mSales[0m  test  test-cleaned.txt
[cent@localhost ~]$ lspwdsudo chown root:IS /IS[1PIS
[cent@localhost ~]$ sudo chown root:IS IS[K[K[K[K[KEng Eng[K[K[K[K[K[K[K[K[K[K[K[K[K[K[K[K[K[K[K[K[K[K[Kls -l
total 8
drwxrwxr-x. 2 cent cent   21 Dec 15 15:09 [0m[01;34mbin[0m
drwxrwx---. 2 cent cent    6 Dec 17 00:28 [01;34mEng[0m
drwxrwx---. 2 root IS      6 Dec 17 00:28 [01;34mIS[0m
drwxrwxr-x. 5 cent cent   60 Nov 17 19:39 [01;34mrepos[0m
drwxrwx---. 2 cent cent    6 Dec 17 00:28 [01;34mSales[0m
-rw-rw-r--. 1 cent cent 1148 Dec 15 15:11 test
-rw-rw-r--. 1 cent cent  795 Dec 15 15:11 test-cleaned.txt
[cent@localhost ~]$ ls -lsudo chown root:IS IS[K[K[K[K[KEng Eng
[cent@localhost ~]$ sudo chown root:Eng Eng[K[K[K[K[K[K[KSales Sales
[cent@localhost ~]$ sudo chown root:Sales Sales[4PEng Eng[C[C[C[C[C[C[C[C[C[C[C[C[C[C[C[C[C[C[C[Cls -l[K
total 8
drwxrwxr-x. 2 cent cent    21 Dec 15 15:09 [0m[01;34mbin[0m
drwxrwx---. 2 root Eng      6 Dec 17 00:28 [01;34mEng[0m
drwxrwx---. 2 root IS       6 Dec 17 00:28 [01;34mIS[0m
drwxrwxr-x. 5 cent cent    60 Nov 17 19:39 [01;34mrepos[0m
drwxrwx---. 2 root Sales    6 Dec 17 00:28 [01;34mSales[0m
-rw-rw-r--. 1 cent cent  1148 Dec 15 15:11 test
-rw-rw-r--. 1 cent cent   795 Dec 15 15:11 test-cleaned.txt
[cent@localhost ~]$ su root
Password: 
[root@localhost cent]# ls
[0m[01;34mbin[0m  [01;34mEng[0m  [01;34mIS[0m  [01;34mrepos[0m  [01;34mSales[0m  test  test-cleaned.txt
[root@localhost cent]# cd /Eng
[root@localhost Eng]# pwd
/Eng
[root@localhost Eng]# echo "Emg[K[Kng1[Kfile"[K[K[K[K[K[K[K[K123" Engfile[K[K[K[K[K[K[K>Engfile
[root@localhost Eng]# pwd
/Eng
[root@localhost Eng]# ls
Engfile
[root@localhost Eng]# cd[K[Kvim Engfile
bash: vim: command not found
[root@localhost Eng]# vim Engfile[Kvi Engfile
[1;37r[?25h[?8c[?25h[?0c[27m[24m[0m[H[J[?25l[?1c[37;1H"Engfile" 1L, 4C[1;1H123
[1m[34m~                                                                                                   [3;1H~                                                                                                   [4;1H~                                                                                                   [5;1H~                                                                                                   [6;1H~                                                                                                   [7;1H~                                                                                                   [8;1H~                                                                                                   [9;1H~                                                                                                   [10;1H~                                                                                                   [11;1H~                                                                                                   [12;1H~                                                                                                   [13;1H~                                                                                                   [14;1H~                                                                                                   [15;1H~                                                                                                   [16;1H~                                                                                                   [17;1H~                                                                                                   [18;1H~                                                                                                   [19;1H~                                                                                                   [20;1H~                                                                                                   [21;1H~                                                                                                   [22;1H~                                                                                                   [23;1H~                                                                                                   [24;1H~                                                                                                   [25;1H~                                                                                                   [26;1H~                                                                                                   [27;1H~                                                                                                   [28;1H~                                                                                                   [29;1H~                                                                                                   [30;1H~                                                                                                   [31;1H~                                                                                                   [32;1H~                                                                                                   [33;1H~                                                                                                   [34;1H~                                                                                                   [35;1H~                                                                                                   [36;1H~                                                                                                   [1;1H[?25h[?0c[?25l[?1c[0m[37;1HType  :quit<Enter>  to exit Vim[1;1H[?25h[?0c[?25l[?1c[?25h[?0c[?25l[?1c[37;1H[K[37;1H:[?25h[?0cquiut[?25l[?1c[37;6H[K[37;6H[?25h[?0c[?25l[?1c[37;5H[K[37;5H[?25h[?0ct[?25l[?1c[?25h[?0c[37;1H[K[37;1H[root@localhost Eng]# cd
[root@localhost ~]# ls
anaconda-ks.cfg
[root@localhost ~]# pwd
/root
[root@localhost ~]# ls
anaconda-ks.cfg
[root@localhost ~]# cd /Sales[Ks
bash: cd: /Sales: No such file or directory
[root@localhost ~]# cd /home/.[Kcent
[root@localhost cent]# ls
[0m[01;34mbin[0m  [01;34mEng[0m  [01;34mIS[0m  [01;34mrepos[0m  [01;34mSales[0m  test  test-cleaned.txt
[root@localhost cent]# cd IS[K[K/IS
bash: cd: /IS: No such file or directory
[root@localhost cent]# cd[K[Kcd IS
[root@localhost IS]# cd IS/IS[4Plscd /home/cent[4PSalesls[Kpwd[1Plscdvi Engfilem Engfilels[Kpwdecho "123" >Engfile[K[K[K[K[K[K[KISfile
[root@localhost IS]# echo "123" >ISfilecd IS[K/IS[4Plscd /home/cent
[root@localhost cent]# ls
[0m[01;34mbin[0m  [01;34mEng[0m  [01;34mIS[0m  [01;34mrepos[0m  [01;34mSales[0m  test  test-cleaned.txt
[root@localhost cent]# c[Klscd /home/centecho "123" >ISfile[5Pcd /home/centecho "123" >ISfilecd IS[K[K[KSa;e[K[Kles
[root@localhost Sales]# cd Salesls[Kcd /home/centecho "123" >ISfile[K[K[K[K[K[KSalesfiu[Kle
[root@localhost Sales]# cd ..
[root@localhost cent]# sudo uds[K[K[Kusermod -G IS iS[K[KOI[K[KIS1
[root@localhost cent]# sudo usermod -G IS IS1[K[K[K[K[K[KSales Sales1
[root@localhost cent]# sudo usermod -G Sales Sales1[K[K[K[K[K[K[K[K[K[K[K[KENG[K[Kng Eng1
[root@localhost cent]# sudo usermod -G Eng Eng1Sales Sales1[6PIS IS1cd ..[Kecho "123" >Salesfile[13Pcd Salesls[Kcd /home/centecho "123" >ISfile[5Pcd /home/centls[Kcd Sales[K[K[K[K[KRepos
bash: cd: Repos: No such file or directory
[root@localhost cent]# cd Repos[K[K[K[K[Krepos
[root@localhost repos]# ls
[0m[01;34mcis246lab1[0m  [01;34mcis246lab2[0m  [01;34mcis246lab4[0m
[root@localhost repos]# cd cis246lab4
[root@localhost cis246lab4]# ls
part1.txt  README.md  test.txt
[root@localhost cis246lab4]# ^C
[root@localhost cis246lab4]# vi p[[Kart1[K[K[K[K[K[K[K[Knano p[[Kart1.txt
[1;37r[0;10m[4l[?7h[?25h[?0c[39;49m[39;49m[0;10m[H[J[0;10;7m  GNU nano 2.3.1                     File: part1.txt                                                [3;1H[0;10mScript started on Tue 15 Dec 2020 03:22:28 PM EST[4d[cent@localhost ~]$ pwd[5d/home/cent[6d[cent@localhost ~]$ mkdir Sales[7d[cent@localhost ~]$ mkdir Eng[8d[cent@localhost ~]$ mkdir IS[9d[cent@localhost ~]$ ls[10d^[[0m^[[01;34mbin^[[0m  ^[[01;34mEng^[[0m  ^[[01;34mIS^[[0m  ^[[01;34mrepos^[[0m  ^[[01;34mSales^[[$[11;1H[cent@localhost ~]$ group^H^[[K^H^[[K^H^[[K^H^[[K^H^[[Kgroup add^H^[[K^H^[[K^H^[[K^H^[[Kadd 0^H^[[K$[12;1Hgroupadd: Permission denied.[13dgroupadd: cannot lock /etc/group; try again later.[14d[cent@localhost ~]$ sudo groupadd Eng[15d[sudo] password for cent:[16d[cent@localhost ~]$ sudo groupadd Eng^H^[[K^H^[[K^H^[[KIS^H^[[Ks^H^[[KS[17d[cent@localhost ~]$ sudo groupadd IS^H^[[K^H^[[KSales[18d[cent@localhost ~]$ groupadd --help[19dUsage: groupadd [options] GROUP[21dOptions:[22;3H-f, --force[22;33Hexit successfully if the group already exists,[23;33Hand cancel -g if the GID is already used[24;3H-g, --gid GID[24;33Huse GID for the new group[25;3H-h, --help[25;33Hdisplay this help message and exit[26;3H-K, --key KEY=VALUE[26;33Hoverride /etc/login.defs defaults[27;3H-o, --non-unique[27;33Hallow to create groups with duplicate[28;33H(non-unique) GID[29;3H-p, --password PASSWORD	use this encrypted password for the new group[30;3H-r, --system[30;33Hcreate a system account[31;3H-R, --root CHROOT_DIR[31;33Hdirectory to chroot into[32;3H-P, --prefix PREFIX_DIR	directory prefix[34d[cent@localhost ~]$ man groupadd[35;42H[0;10;7m[ Read 663 lines ][36d^G[0;10m Get Help     [0;10;7m^O[0;10m WriteOut     [0;10;7m^R[0;10m Read File    [0;10;7m^Y[0;10m Prev Page    [0;10;7m^K[0;10m Cut Text     [0;10;7m^C[0;10m Cur Pos[37d[0;10;7m^X[0;10m Exit[37;17H[0;10;7m^J[0;10m Justify	[0;10;7m^W[0;10m Where Is     [0;10;7m^V[0;10m Next Page    [0;10;7m^U[0;10m UnCut Text   [0;10;7m^T[0;10m To Spell[3d[4d[5d[6d[7d[8d[9d[10d[11d[12d[13d[14d[15d[16d[17d[18d[19d[20d[21d[22d[23d[24d[25d[26d[27d[28d[35d[K[29d[30d[31d[32d[33d[34d[3;35r[3;1H[17M[1;37r[18;1H^MGROUPADD(8)[18;39HSystem Management Commands[18;89HGROUPADD(8)$[19;1H^[[m[20d^[[1mNAME^[[0m^[[m[21;8Hgroupadd - create a new group^[[m[22d^[[m[23d^[[1mSYNOPSIS^[[0m^[[m[24;8H^[[1mgroupadd^[[0m [^[[4moptions^[[24m] ^[[4mgroup^[[24m^[[m[25d^[[m[26d^[[1mDESCRIPTION^[[0m^[[m[27;8HThe ^[[1mgroupadd^[[0m command creates a new group account using the values specified on the$[28;8Hline plus the default values from the system. The new group will be entered into the^[[m[29;8Hsystem files as needed.^[[m[30d^[[m[31d^[[1mOPTIONS^[[0m^[[m[32;8HThe options which apply to the ^[[1mgroupadd^[[0m command are:^[[m[33d^[[m[34;8H^[[1m-f^[[0m, ^[[1m--force^[[0m^[[m[18d[19d[20d[21d[22d[23d[24d[25d[26d[27d[28d[29d[30d[31d[32d[33d[34d[2;35r[2;1H[17M[1;37r[2;1H[K[18;12HThis option causes the command to simply exit with success status if the specified^[[m[19;12Hgroup already exists. When used with ^[[1m-g^[[0m, and the specified GID already exists,$[20;12H(unique) GID is chosen (i.e.  ^[[1m-g^[[0m is turned off).^[[m[21d^[[m[22;8H^[[1m-g^[[0m, ^[[1m--gid^[[0m ^[[4mGID^[[24m^[[m[23;12HThe numerical value of the group's ID. This value must be unique, unless the ^[[1m-o^[[0$[24;12His used. The value must be non-negative. The default is to use the smallest ID value^[[m[25;12Hgreater than or equal to ^[[1mGID_MIN^[[0m and greater than every other group.^[[m[26d^[[m[27;12HSee also the ^[[1m-r^[[0m option and the ^[[1mGID_MAX^[[0m description.^[[m[28d^[[m[29;8H^[[1m-h^[[0m, ^[[1m--help^[[0m^[[m[30;12HDisplay help message and exit.^[[m[31d^[[m[32;8H^[[1m-K^[[0m, ^[[1m--key^[[0m ^[[4mKEY^[[24m=^[[4mVALUE^[[24m^[[m[33;12HOverrides /etc/login.defs defaults (GID_MIN, GID_MAX and others). Multiple ^[[1m-K^[[0m $[34;12Hcan be specified.^[[m[18d[19d[20d[21d[22d[23d[24d[25d[26d[27d[28d[29d[30d[31d[32d[33d[34d[3;35r[3;1H[17M[1;37r[18;1H^[[m[19;12HExample: ^[[1m-K^[[0m ^[[4mGID_MIN^[[24m=^[[4m100^[[24m  ^[[1m-K^[[0m ^[[4mGID_MAX^[[24m$[20;1H^[[7m Manual page groupadd(8) line 1 (press h for help or q to quit)^[[27m^[[K^M^[[K ^[[KESC^H^H^HE$[21;1H^[[7m Manual page groupadd(8) line 2 (press h for help or q to quit)^[[27m^[[K^M^[[K ^[[KESC^H^H^HE$[22;1H^[[7m Manual page groupadd(8) line 5 (press h for help or q to quit)^[[27m^[[K^M^[[K ^[[KESC^H^H^HE$[23;1H^[[7m Manual page groupadd(8) line 6 (press h for help or q to quit)^[[27m^[[K^M^[[K ^[[KESC^H^H^HE$[24;1H^[[7m Manual page groupadd(8) line 7 (press h for help or q to quit)^[[27m^[[K^M^[[K ^[[KESC^H^H^HE$[25;1H^[[7m Manual page groupadd(8) line 8 (press h for help or q to quit)^[[27m^[[K^M^[[K ^[[KESC^H^H^HE$[26;1H^[[7m Manual page groupadd(8) line 9 (press h for help or q to quit)^[[27m^[[K^M^[[K ^[[KESC^H^H^HE$[27;1H^[[7m Manual page groupadd(8) line 10 (press h for help or q to quit)^[[27m^[[K^M^[[K ^[[KESC^H^H^H$[28;1H^[[7m Manual page groupadd(8) line 11 (press h for help or q to quit)^[[27m^[[K^M^[[K ^[[KESC^H^H^H$[29;1H^[[7m Manual page groupadd(8) line 12 (press h for help or q to quit)^[[27m^[[K^M^[[K ^[[KESC^H^H^H$[30;1H^[[7m Manual page groupadd(8) line 13 (press h for help or q to quit)^[[27m^[[K^M^[[K ^[[KESC^H^H^H$[31;1H^[[7m Manual page groupadd(8) line 14 (press h for help or q to quit)^[[27m^[[K^M^[[K ^[[KESC^H^H^H$[32;1H^[[37;1H^M^[[K^[[7m Manual page groupadd(8) line 13 (press h for help or q to quit)^[[27m^[[K^M^[[K$[33;1H^[[37;1H^M^[[K^[[7m Manual page groupadd(8) line 12 (press h for help or q to quit)^[[27m^[[K^M^[[K$[34;1H^[[37;1H^M^[[K^[[7m Manual page groupadd(8) line 11 (press h for help or q to quit)^[[27m^[[K^M^[[K$[18;1H[19d[20d[21d[22d[23d[24d[25d[26d[27d[28d[29d[30d[31d[32d[33d[34d[3;35r[3;1H[17M[1;37r[18;1H^[[37;1H^M^[[K^[[7m Manual page groupadd(8) line 10 (press h for help or q to quit)^[[27m^[[K^M^[[K$[19;1H^[[37;1H^M^[[K^[[7m Manual page groupadd(8) line 9 (press h for help or q to quit)^[[27m^[[K^M^[[K $[20;1H^[[37;1H^M^[[K^[[7m Manual page groupadd(8) line 8 (press h for help or q to quit)^[[27m^[[K^M^[[K $[21;1H^[[37;1H^M^[[K^[[7m Manual page groupadd(8) line 7 (press h for help or q to quit)^[[27m^[[K^M^[[K $[22;1H^[[37;1H^M^[[K^[[7m Manual page groupadd(8) line 6 (press h for help or q to quit)^[[27m^[[K^M^[[K $[23;1H^[[37;1H^M^[[K^[[7m Manual page groupadd(8) line 5 (press h for help or q to quit)^[[27m^[[K^M^[[K $[24;1H^[[37;1H^M^[[K^[[7m Manual page groupadd(8) line 4 (press h for help or q to quit)^[[27m^[[K^M^[[K $[25;1H^[[37;1H^M^[[K^[[7m Manual page groupadd(8) line 1 (press h for help or q to quit)^[[27m^[[K^M^[[K $[26;1H^[[7m Manual page groupadd(8) line 4 (press h for help or q to quit)^[[27m^[[K^M^[[K ^[[KESC^H^H^HE$[27;1H^[[7m Manual page groupadd(8) line 5 (press h for help or q to quit)^[[27m^[[K^M^[[K ^[[KESC^H^H^HE$[28;1H^[[7m Manual page groupadd(8) line 6 (press h for help or q to quit)^[[27m^[[K^M^[[K ^[[KESC^H^H^HE$[29;1H^[[7m Manual page groupadd(8) line 7 (press h for help or q to quit)^[[27m^[[K^M^[[K ^[[KESC^H^H^HE$[30;1H^[[7m Manual page groupadd(8) line 8 (press h for help or q to quit)^[[27m^[[K^M^[[K ^[[KESC^H^H^HE$[31;1H^[[7m Manual page groupadd(8) line 9 (press h for help or q to quit)^[[27m^[[K^M^[[K ^[[KESC^H^H^HE$[32;1H^[[7m Manual page groupadd(8) line 10 (press h for help or q to quit)^[[27m^[[K^M^[[K ^[[KESC^H^H^H$[33;1H^[[7m Manual page groupadd(8) line 11 (press h for help or q to quit)^[[27m^[[K^M^[[K ^[[KESC^H^H^H$[34;1H^[[7m Manual page groupadd(8) line 12 (press h for help or q to quit)^[[27m^[[K^M^[[K ^[[KESC^H^H^H$[18;1H[19d[20d[21d[22d[23d[24d[25d[26d[27d[28d[29d[30d[31d[32d[33d[34d[2;25r[2;1H[5L[1;37r[3;1H^[[37;1H^M^[[K^[[7m Manual page groupadd(8) line 8 (press h for help or q to quit)^[[27m^[[K^M^[[K $[4;1H^[[37;1H^M^[[K^[[7m Manual page groupadd(8) line 7 (press h for help or q to quit)^[[27m^[[K^M^[[K $[5;1H^[[37;1H^M^[[K^[[7m Manual page groupadd(8) line 6 (press h for help or q to quit)^[[27m^[[K^M^[[K $[6;1H^[[37;1H^M^[[K^[[7m Manual page groupadd(8) line 5 (press h for help or q to quit)^[[27m^[[K^M^[[K $[7;1H^[[37;1H^M^[[K^[[7m Manual page groupadd(8) line 4 (press h for help or q to quit)^[[27m^[[K^M^[[K $[8;4H37;1H^M^[[K^[[7m Manual page groupadd(8) line 1 (press h for help or q to quit)^[[27m^[[K^M^[[K [9;36H4[20;4H7m Manual page groupadd(8) line 15 (press h for help or q to quit)^[[27m^[[K^M^[[K ^[[KESC^H^H^H[21;4H7m Manual page groupadd(8) line 16 (press h for help or q to quit)^[[27m^[[K^M^[[K ^[[KESC^H^H^H[22;4H7m Manual page groupadd(8) line 17 (press h for help or q to quit)^[[27m^[[K^M^[[K ^[[KESC^H^H^H[23;4H7m Manual page groupadd(8) line 18 (press h for help or q to quit)^[[27m^[[K^M^[[K ^[[KESC^H^H^H[24;4H7m Manual page groupadd(8) line 19 (press h for help or q to quit)^[[27m^[[K^M^[[K ^[[KESC^H^H^H[25;4H7m Manual page groupadd(8) line 20 (press h for help or q to quit)^[[27m^[[K^M^[[K ^[[KESC^H^H^H[26;36H21 (press h for help or q to quit)^[[27m^[[K^M^[[K ^[[KESC^H^H^H[27;36H22 (press h for help or q to quit)^[[27m^[[K^M^[[K ^[[KESC^H^H^H[28;36H23 (press h for help or q to quit)^[[27m^[[K^M^[[K ^[[KESC^H^H^H[29;36H24 (press h for help or q to quit)^[[27m^[[K^M^[[K ^[[KESC^H^H^H[30;36H25 (press h for help or q to quit)^[[27m^[[K^M^[[K ^[[KESC^H^H^H[31;36H26 (press h for help or q to quit)^[[27m^[[K^M^[[K ^[[KESC^H^H^H[32;36H27[33d28[34d29[18d[19d[20d[21d[22d[23d[24d[25d[26d[27d[28d[29d[30d[31d[32d[33d[34d[3;35r[3;1H[17M[1;37r[18;1H^[[7m Manual page groupadd(8) line 30 (press h for help or q to quit)^[[27m^[[K^M^[[K ^[[KESC^H^H^H$[19;1H^[[7m Manual page groupadd(8) line 31 (press h for help or q to quit)^[[27m^[[K^M^[[K ^[[KESC^H^H^H$[20;1H^[[7m Manual page groupadd(8) line 32 (press h for help or q to quit)^[[27m^[[K^M^[[K ^[[KESC^H^H^H$[21;1H^[[7m Manual page groupadd(8) line 33 (press h for help or q to quit)^[[27m^[[K^M^[[K ^[[KESC^H^H^H$[22;1H^[[7m Manual page groupadd(8) line 34 (press h for help or q to quit)^[[27m^[[K^M^[[K ^[[KESC^H^H^H$[23;1H^[[7m Manual page groupadd(8) line 35 (press h for help or q to quit)^[[27m^[[K^M^[[K ^[[KESC^H^H^H$[24;1H^[[7m Manual page groupadd(8) line 36 (press h for help or q to quit)^[[27m^[[K^M^[[K ^[[KESC^H^H^H$[25;1H^[[7m Manual page groupadd(8) line 37 (press h for help or q to quit)^[[27m^[[K^M^[[K ^[[KESC^H^H^H$[26;1H^[[7m Manual page groupadd(8) line 38 (press h for help or q to quit)^[[27m^[[K^M^[[K ^[[KESC^H^H^H$[27;1H^[[7m Manual page groupadd(8) line 39 (press h for help or q to quit)^[[27m^[[K^M^[[K ^[[KESC^H^H^H$[28;1H^[[7m Manual page groupadd(8) line 40 (press h for help or q to quit)^[[27m^[[K^M^[[K ^[[KESC^H^H^H$[29;1H^[[7m Manual page groupadd(8) line 41 (press h for help or q to quit)^[[27m^[[K^M^[[K ^[[KESC^H^H^H$[30;1H^[[7m Manual page groupadd(8) line 42 (press h for help or q to quit)^[[27m^[[K^M^[[K ^[[KESC^H^H^H$[31;1H^[[7m Manual page groupadd(8) line 43 (press h for help or q to quit)^[[27m^[[K^M^[[K ^[[KESC^H^H^H$[32;1H^[[7m Manual page groupadd(8) line 44 (press h for help or q to quit)^[[27m^[[K^M^[[K ^[[KESC^H^H^H$[33;1H^[[7m Manual page groupadd(8) line 45 (press h for help or q to quit)^[[27m^[[K^M^[[K ^[[KESC^H^H^H$[34;1H^[[7m Manual page groupadd(8) line 46 (press h for help or q to quit)^[[27m^[[K^M^[[K ^[[KESC^H^H^H$[18;1H[19d[20d[21d[22d[23d[24d[25d[26d[27d[28d[29d[30d[31d[32d[33d[34d[3;35r[3;1H[17M[1;37r[18;1H^[[7m Manual page groupadd(8) line 47 (press h for help or q to quit)^[[27m^[[K^M^[[K ^[[KESC^H^H^H$[19;1H^[[7m Manual page groupadd(8) line 48 (press h for help or q to quit)^[[27m^[[K^M^[[K ^[[KESC^H^H^H$[20;1H^[[7m Manual page groupadd(8) line 49 (press h for help or q to quit)^[[27m^[[K^M^[[K ^[[KESC^H^H^H$[21;1H^[[7m Manual page groupadd(8) line 50 (press h for help or q to quit)^[[27m^[[K^M^[[K ^[[KESC^H^H^H$[22;1H^[[7m Manual page groupadd(8) line 51 (press h for help or q to quit)^[[27m^[[K^M^[[K ^[[KESC^H^H^H$[23;1H^[[7m Manual page groupadd(8) line 52 (press h for help or q to quit)^[[27m^[[K^M^[[K ^[[KESC^H^H^H$[24;1H^[[7m Manual page groupadd(8) line 53 (press h for help or q to quit)^[[27m^[[K^M^[[K ^[[KESC^H^H^H$[25;1H^[[7m Manual page groupadd(8) line 54 (press h for help or q to quit)^[[27m^[[K^M^[[K ^[[KESC^H^H^H$[26;1H^[[7m Manual page groupadd(8) line 55 (press h for help or q to quit)^[[27m^[[K^M^[[K ^[[KESC^H^H^H$[27;1H^[[7m Manual page groupadd(8) line 56 (press h for help or q to quit)^[[27m^[[K^M^[[K ^[[KESC^H^H^H$[28;1H^[[7m Manual page groupadd(8) line 57 (press h for help or q to quit)^[[27m^[[K^M^[[K ^[[KESC^H^H^H$[29;1H^[[7m Manual page groupadd(8) line 58 (press h for help or q to quit)^[[27m^[[K^M^[[K ^[[KESC^H^H^H$[30;1H^[[7m Manual page groupadd(8) line 59 (press h for help or q to quit)^[[27m^[[K^M^[[K ^[[KESC^H^H^H$[31;1H^[[7m Manual page groupadd(8) line 60 (press h for help or q to quit)^[[27m^[[K^M^[[K ^[[KESC^H^H^H$[32;1H^[[7m Manual page groupadd(8) line 61 (press h for help or q to quit)^[[27m^[[K^M^[[K ^[[KESC^H^H^H$[33;1H^[[7m Manual page groupadd(8) line 62 (press h for help or q to quit)^[[27m^[[K^M^[[K ^[[KESC^H^H^H$[34;1H^[[7m Manual page groupadd(8) line 63 (press h for help or q to quit)^[[27m^[[K^M^[[K ^[[KESC^H^H^H$[18;1H[19d[20d[21d[22d[23d[24d[25d[26d[27d[28d[29d[30d[31d[32d[33d[34d[3;35r[3;1H[17M[1;37r[18;1H^[[7m Manual page groupadd(8) line 64 (press h for help or q to quit)^[[27m^[[K^M^[[K ^[[KESC^H^H^H$[19;1H^[[7m Manual page groupadd(8) line 65 (press h for help or q to quit)^[[27m^[[K^M^[[K ^[[KESC^H^H^H$[20;1H^[[7m Manual page groupadd(8) line 66 (press h for help or q to quit)^[[27m^[[K^M^[[K ^[[KESC^H^H^H$[21;1H^[[7m Manual page groupadd(8) line 67 (press h for help or q to quit)^[[27m^[[K^M^[[K ^[[KESC^H^H^H$[22;1H^[[7m Manual page groupadd(8) line 68 (press h for help or q to quit)^[[27m^[[K^M^[[K ^[[KESC^H^H^H$[23;1H^[[7m Manual page groupadd(8) line 69 (press h for help or q to quit)^[[27m^[[K^M^[[K ^[[KESC^H^H^H$[24;1H^[[7m Manual page groupadd(8) line 70 (press h for help or q to quit)^[[27m^[[K^M^[[K ^[[KESC^H^H^H$[25;1H^[[7m Manual page groupadd(8) line 71 (press h for help or q to quit)^[[27m^[[K^M^[[K ^[[KESC^H^H^H$[26;1H^[[7m Manual page groupadd(8) line 72 (press h for help or q to quit)^[[27m^[[K^M^[[K ^[[KESC^H^H^H$[27;1H^[[7m Manual page groupadd(8) line 73 (press h for help or q to quit)^[[27m^[[K^M^[[K ^[[KESC^H^H^H$[28;1H^[[7m Manual page groupadd(8) line 74 (press h for help or q to quit)^[[27m^[[K^M^[[K ^[[KESC^H^H^H$[29;1H^[[7m Manual page groupadd(8) line 75 (press h for help or q to quit)^[[27m^[[K^M^[[K ^[[KESC^H^H^H$[30;1H^[[7m Manual page groupadd(8) line 76 (press h for help or q to quit)^[[27m^[[K^M^[[K ^[[KESC^H^H^H$[31;1H^[[7m Manual page groupadd(8) line 77 (press h for help or q to quit)^[[27m^[[K^M^[[K ^[[KESC^H^H^H$[32;1H^[[7m Manual page groupadd(8) line 78 (press h for help or q to quit)^[[27m^[[K^M^[[K ^[[KESC^H^H^H$[33;1H^[[7m Manual page groupadd(8) line 79 (press h for help or q to quit)^[[27m^[[K^M^[[K ^[[KESC^H^H^H$[34;1H^[[7m Manual page groupadd(8) line 80 (press h for help or q to quit)^[[27m^[[K^M^[[K ^[[KESC^H^H^H$[18;1H[19d[20d[21d[22d[23d[24d[25d[26d[27d[28d[29d[30d[31d[32d[33d[34d[3;35r[3;1H[17M[1;37r[18;1H^[[7m Manual page groupadd(8) line 81 (press h for help or q to quit)^[[27m^[[K^M^[[K ^[[KESC^H^H^H$[19;1H^[[7m Manual page groupadd(8) line 82 (press h for help or q to quit)^[[27m^[[K^M^[[K ^[[KESC^H^H^H$[20;1H^[[7m Manual page groupadd(8) line 83 (press h for help or q to quit)^[[27m^[[K^M^[[K ^[[KESC^H^H^H$[21;1H^[[7m Manual page groupadd(8) line 84 (press h for help or q to quit)^[[27m^[[K^M^[[K ^[[KESC^H^H^H$[22;1H^[[7m Manual page groupadd(8) line 85 (press h for help or q to quit)^[[27m^[[K^M^[[K ^[[KESC^H^H^H$[23;1H^[[7m Manual page groupadd(8) line 86 (press h for help or q to quit)^[[27m^[[K^M^[[K ^[[KESC^H^H^H$[24;1H^[[7m Manual page groupadd(8) line 87 (press h for help or q to quit)^[[27m^[[K^M^[[K ^[[KESC^H^H^H$[25;1H^[[7m Manual page groupadd(8) line 88 (press h for help or q to quit)^[[27m^[[K^M^[[K ^[[KESC^H^H^H$[26;1H^[[7m Manual page groupadd(8) line 89 (press h for help or q to quit)^[[27m^[[K^M^[[K ^[[KESC^H^H^H$[27;1H^[[7m Manual page groupadd(8) line 90 (press h for help or q to quit)^[[27m^[[K^M^[[K ^[[KESC^H^H^H$[28;1H^[[7m Manual page groupadd(8) line 91 (press h for help or q to quit)^[[27m^[[K^M^[[K ^[[KESC^H^H^H$[29;1H^[[7m Manual page groupadd(8) line 92 (press h for help or q to quit)^[[27m^[[K^M^[[K ^[[KESC^H^H^H$[30;1H^[[7m Manual page groupadd(8) line 93 (press h for help or q to quit)^[[27m^[[K^M^[[K ^[[KESC^H^H^H$[31;1H^[[7m Manual page groupadd(8) line 94 (press h for help or q to quit)^[[27m^[[K^M^[[K ^[[KESC^H^H^H$[32;1H^[[7m Manual page groupadd(8) line 95 (press h for help or q to quit)^[[27m^[[K^M^[[K ^[[KESC^H^H^H$[33;1H^[[7m Manual page groupadd(8) line 96 (press h for help or q to quit)^[[27m^[[K^M^[[K ^[[KESC^H^H^H$[34;1H^[[7m Manual page groupadd(8) line 97 (press h for help or q to quit)^[[27m^[[K^M^[[K ^[[KESC^H^H^H$[18;1H[19d[20d[21d[22d[23d[24d[25d[26d[27d[28d[29d[30d[31d[32d[33d[34d[3;35r[3;1H[17M[1;37r[18;1H^[[7m Manual page groupadd(8) line 98 (press h for help or q to quit)^[[27m^[[K^M^[[K ^[[KESC^H^H^H$[19;1H^[[7m Manual page groupadd(8) line 99 (press h for help or q to quit)^[[27m^[[K^M^[[K ^[[KESC^H^H^H$[20;1H^[[7m Manual page groupadd(8) line 100 (press h for help or q to quit)^[[27m^[[K^M^[[K ^[[KESC^H^H^$[21;1H^[[7m Manual page groupadd(8) line 101 (press h for help or q to quit)^[[27m^[[K^M^[[K ^[[KESC^H^H^$[22;1H^[[7m Manual page groupadd(8) line 102 (press h for help or q to quit)^[[27m^[[K^M^[[K ^[[KESC^H^H^$[23;1H^[[7m Manual page groupadd(8) line 103 (press h for help or q to quit)^[[27m^[[K^M^[[K ^[[KESC^H^H^$[24;1H^[[7m Manual page groupadd(8) line 104 (press h for help or q to quit)^[[27m^[[K^M^[[K ^[[KESC^H^H^$[25;1H^[[7m Manual page groupadd(8) line 105 (press h for help or q to quit)^[[27m^[[K^M^[[K ^[[KESC^H^H^$[26;1H^[[7m Manual page groupadd(8) line 106 (press h for help or q to quit)^[[27m^[[K^M^[[K ^[[KESC^H^H^$[27;1H^[[7m Manual page groupadd(8) line 107 (press h for help or q to quit)^[[27m^[[K^M^[[K ^[[KESC^H^H^$[28;1H^[[7m Manual page groupadd(8) line 108 (press h for help or q to quit)^[[27m^[[K^M^[[K ^[[KESC^H^H^$[29;1H^[[7m Manual page groupadd(8) line 109 (press h for help or q to quit)^[[27m^[[K^M^[[K ^[[KESC^H^H^$[30;1H^[[7m Manual page groupadd(8) line 110 (press h for help or q to quit)^[[27m^[[K^M^[[K ^[[KESC^H^H^$[31;1H^[[7m Manual page groupadd(8) line 111 (press h for help or q to quit)^[[27m^[[K^M^[[K ^[[KESC^H^H^$[32;1H^[[7m Manual page groupadd(8) line 112 (press h for help or q to quit)^[[27m^[[K^M^[[K ^[[KESC^H^H^$[33;1H^[[7m Manual page groupadd(8) line 113 (press h for help or q to quit)^[[27m^[[K^M^[[K ^[[KESC^H^H^$[34;1H^[[7m Manual page groupadd(8) line 114 (press h for help or q to quit)^[[27m^[[K^M^[[K ^[[KESC^H^H^$[18;1H[19d[20d[21d[22d[23d[24d[25d[26d[27d[28d[29d[30d[31d[32d[33d[34d[3;35r[3;1H[17M[1;37r[18;1H^[[37;1H^M^[[K^[[7m Manual page groupadd(8) line 113/151 99% (press h for help or q to quit)^[[27m^$[19;1H^[[37;1H^M^[[K^[[7m Manual page groupadd(8) line 112/151 99% (press h for help or q to quit)^[[27m^$[20;1H^[[37;1H^M^[[K^[[7m Manual page groupadd(8) line 111/151 97% (press h for help or q to quit)^[[27m^$[21;1H^[[37;1H^M^[[K^[[7m Manual page groupadd(8) line 110/151 95% (press h for help or q to quit)^[[27m^$[22;1H^[[37;1H^M^[[K^[[7m Manual page groupadd(8) line 109/151 94% (press h for help or q to quit)^[[27m^$[23;1H^[[37;1H^M^[[K^[[7m Manual page groupadd(8) line 108/151 94% (press h for help or q to quit)^[[27m^$[24;1H^[[37;1H^M^[[K^[[7m Manual page groupadd(8) line 107/151 94% (press h for help or q to quit)^[[27m^$[25;1H^[[37;1H^M^[[K^[[7m Manual page groupadd(8) line 106/151 93% (press h for help or q to quit)^[[27m^$[26;1H^[[37;1H^M^[[K^[[7m Manual page groupadd(8) line 105/151 93% (press h for help or q to quit)^[[27m^$[27;1H^[[37;1H^M^[[K^[[7m Manual page groupadd(8) line 104/151 93% (press h for help or q to quit)^[[27m^$[28;1H^[[37;1H^M^[[K^[[7m Manual page groupadd(8) line 103/151 93% (press h for help or q to quit)^[[27m^$[29;1H^[[37;1H^M^[[K^[[7m Manual page groupadd(8) line 102/151 93% (press h for help or q to quit)^[[27m^$[30;1H^[[37;1H^M^[[K^[[7m Manual page groupadd(8) line 101/151 92% (press h for help or q to quit)^[[27m^$[31;1H^[[37;1H^M^[[K^[[7m Manual page groupadd(8) line 100/151 92% (press h for help or q to quit)^[[27m^$[32;1H^[[37;1H^M^[[K^[[7m Manual page groupadd(8) line 99/151 92% (press h for help or q to quit)^[[27m^[$[33;1H^[[37;1H^M^[[K^[[7m Manual page groupadd(8) line 98/151 91% (press h for help or q to quit)^[[27m^[$[34;1H^[[37;1H^M^[[K^[[7m Manual page groupadd(8) line 97/151 91% (press h for help or q to quit)^[[27m^[$[18;1H[19d[20d[21d[22d[23d[24d[25d[26d[27d[28d[29d[30d[31d[32d[33d[34d[3;35r[3;1H[17M[1;37r[18;1H^[[37;1H^M^[[K^[[7m Manual page groupadd(8) line 96/151 91% (press h for help or q to quit)^[[27m^[$[19;1H^[[37;1H^M^[[K^[[7m Manual page groupadd(8) line 95/151 91% (press h for help or q to quit)^[[27m^[$[20;1H^[[37;1H^M^[[K^[[7m Manual page groupadd(8) line 94/151 90% (press h for help or q to quit)^[[27m^[$[21;1H^[[37;1H^M^[[K^[[7m Manual page groupadd(8) line 93/151 90% (press h for help or q to quit)^[[27m^[$[22;1H^[[37;1H^M^[[K^[[7m Manual page groupadd(8) line 92/151 90% (press h for help or q to quit)^[[27m^[$[23;1H^[[37;1H^M^[[K^[[7m Manual page groupadd(8) line 91/151 90% (press h for help or q to quit)^[[27m^[$[24;1H^[[37;1H^M^[[K^[[7m Manual page groupadd(8) line 90/151 90% (press h for help or q to quit)^[[27m^[$[25;1H^[[37;1H^M^[[K^[[7m Manual page groupadd(8) line 89/151 89% (press h for help or q to quit)^[[27m^[$[26;1H^[[37;1H^M^[[K^[[7m Manual page groupadd(8) line 88/151 88% (press h for help or q to quit)^[[27m^[$[27;1H^[[37;1H^M^[[K^[[7m Manual page groupadd(8) line 87/151 88% (press h for help or q to quit)^[[27m^[$[28;1H^[[37;1H^M^[[K^[[7m Manual page groupadd(8) line 86/151 87% (press h for help or q to quit)^[[27m^[$[29;1H^[[37;1H^M^[[K^[[7m Manual page groupadd(8) line 85/151 86% (press h for help or q to quit)^[[27m^[$[30;1H^[[37;1H^M^[[K^[[7m Manual page groupadd(8) line 84/151 86% (press h for help or q to quit)^[[27m^[$[31;1H^[[37;1H^M^[[K^[[7m Manual page groupadd(8) line 83/151 85% (press h for help or q to quit)^[[27m^[$[32;1H^[[37;1H^M^[[K^[[7m Manual page groupadd(8) line 82/151 85% (press h for help or q to quit)^[[27m^[$[33;1H^[[37;1H^M^[[K^[[7m Manual page groupadd(8) line 81/151 84% (press h for help or q to quit)^[[27m^[$[34;1H^[[37;1H^M^[[K^[[7m Manual page groupadd(8) line 80/151 84% (press h for help or q to quit)^[[27m^[$[18;1H[19d[20d[21d[22d[23d[24d[25d[26d[27d[28d[29d[30d[31d[32d[33d[34d[3;35r[3;1H[17M[1;37r[18;1H^[[37;1H^M^[[K^[[7m Manual page groupadd(8) line 79/151 83% (press h for help or q to quit)^[[27m^[$[19;1H^[[37;1H^M^[[K^[[7m Manual page groupadd(8) line 78/151 82% (press h for help or q to quit)^[[27m^[$[20;1H^[[37;1H^M^[[K^[[7m Manual page groupadd(8) line 77/151 80% (press h for help or q to quit)^[[27m^[$[21;1H^[[37;1H^M^[[K^[[7m Manual page groupadd(8) line 76/151 79% (press h for help or q to quit)^[[27m^[$[22;1H^[[37;1H^M^[[K^[[7m Manual page groupadd(8) line 75/151 78% (press h for help or q to quit)^[[27m^[$[23;1H^[[37;1H^M^[[K^[[7m Manual page groupadd(8) line 74/151 78% (press h for help or q to quit)^[[27m^[$[24;1H^[[37;1H^M^[[K^[[7m Manual page groupadd(8) line 73/151 78% (press h for help or q to quit)^[[27m^[$[25;1H^[[37;1H^M^[[K^[[7m Manual page groupadd(8) line 72/151 77% (press h for help or q to quit)^[[27m^[$[26;1H^[[37;1H^M^[[K^[[7m Manual page groupadd(8) line 71/151 77% (press h for help or q to quit)^[[27m^[$[27;1H^[[37;1H^M^[[K^[[7m Manual page groupadd(8) line 70/151 77% (press h for help or q to quit)^[[27m^[$[28;1H^[[37;1H^M^[[K^[[7m Manual page groupadd(8) line 69/151 76% (press h for help or q to quit)^[[27m^[$[29;1H^[[37;1H^M^[[K^[[7m Manual page groupadd(8) line 68/151 76% (press h for help or q to quit)^[[27m^[$[30;1H^[[37;1H^M^[[K^[[7m Manual page groupadd(8) line 67/151 76% (press h for help or q to quit)^[[27m^[$[31;1H^[[37;1H^M^[[K^[[7m Manual page groupadd(8) line 66/151 76% (press h for help or q to quit)^[[27m^[$[32;1H^[[37;1H^M^[[K^[[7m Manual page groupadd(8) line 65/151 75% (press h for help or q to quit)^[[27m^[$[33;1H^[[37;1H^M^[[K^[[7m Manual page groupadd(8) line 64/151 75% (press h for help or q to quit)^[[27m^[$[34;1H^[[37;1H^M^[[K^[[7m Manual page groupadd(8) line 63/151 73% (press h for help or q to quit)^[[27m^[$[18;1H[19d[20d[21d[22d[23d[24d[25d[26d[27d[28d[29d[30d[31d[32d[33d[34d[3;35r[3;1H[17M[1;37r[18;1H^[[37;1H^M^[[K^[[7m Manual page groupadd(8) line 62/151 73% (press h for help or q to quit)^[[27m^[$[19;1H^[[37;1H^M^[[K^[[7m Manual page groupadd(8) line 61/151 72% (press h for help or q to quit)^[[27m^[$[20;1H^[[37;1H^M^[[K^[[7m Manual page groupadd(8) line 60/151 71% (press h for help or q to quit)^[[27m^[$[21;1H^[[37;1H^M^[[K^[[7m Manual page groupadd(8) line 59/151 69% (press h for help or q to quit)^[[27m^[$[22;1H^[[37;1H^M^[[K^[[7m Manual page groupadd(8) line 58/151 69% (press h for help or q to quit)^[[27m^[$[23;1H^[[37;1H^M^[[K^[[7m Manual page groupadd(8) line 57/151 68% (press h for help or q to quit)^[[27m^[$[24;1H^[[37;1H^M^[[K^[[7m Manual page groupadd(8) line 56/151 67% (press h for help or q to quit)^[[27m^[$[25;1H^[[37;1H^M^[[K^[[7m Manual page groupadd(8) line 55/151 67% (press h for help or q to quit)^[[27m^[$[26;1H^[[37;1H^M^[[K^[[7m Manual page groupadd(8) line 54/151 66% (press h for help or q to quit)^[[27m^[$[27;1H^[[37;1H^M^[[K^[[7m Manual page groupadd(8) line 53/151 66% (press h for help or q to quit)^[[27m^[$[28;1H^[[37;1H^M^[[K^[[7m Manual page groupadd(8) line 52/151 66% (press h for help or q to quit)^[[27m^[$[29;1H^[[37;1H^M^[[K^[[7m Manual page groupadd(8) line 51/151 64% (press h for help or q to quit)^[[27m^[$[30;1H^[[37;1H^M^[[K^[[7m Manual page groupadd(8) line 50/151 63% (press h for help or q to quit)^[[27m^[$[31;1H^[[37;1H^M^[[K^[[7m Manual page groupadd(8) line 49/151 63% (press h for help or q to quit)^[[27m^[$[32;1H^[[37;1H^M^[[K^[[7m Manual page groupadd(8) line 48/151 63% (press h for help or q to quit)^[[27m^[$[33;1H^[[37;1H^M^[[K^[[7m Manual page groupadd(8) line 47/151 61% (press h for help or q to quit)^[[27m^[$[34;1H^[[37;1H^M^[[K^[[7m Manual page groupadd(8) line 46/151 61% (press h for help or q to quit)^[[27m^[$[18;1H[19d[20d[21d[22d[23d[24d[25d[26d[27d[28d[29d[30d[31d[32d[33d[34d[3;35r[3;1H[17M[1;37r[18;1H^[[37;1H^M^[[K^[[7m Manual page groupadd(8) line 45/151 60% (press h for help or q to quit)^[[27m^[$[19;1H^[[37;1H^M^[[K^[[7m Manual page groupadd(8) line 44/151 58% (press h for help or q to quit)^[[27m^[$[20;1H^[[37;1H^M^[[K^[[7m Manual page groupadd(8) line 43/151 57% (press h for help or q to quit)^[[27m^[$[21;1H^[[37;1H^M^[[K^[[7m Manual page groupadd(8) line 42/151 57% (press h for help or q to quit)^[[27m^[$[22;1H^[[37;1H^M^[[K^[[7m Manual page groupadd(8) line 41/151 56% (press h for help or q to quit)^[[27m^[$[23;1H^[[37;1H^M^[[K^[[7m Manual page groupadd(8) line 40/151 55% (press h for help or q to quit)^[[27m^[$[24;1H^[[37;1H^M^[[K^[[7m Manual page groupadd(8) line 39/151 55% (press h for help or q to quit)^[[27m^[$[25;1H^[[37;1H^M^[[K^[[7m Manual page groupadd(8) line 38/151 53% (press h for help or q to quit)^[[27m^[$[26;1H^[[37;1H^M^[[K^[[7m Manual page groupadd(8) line 37/151 52% (press h for help or q to quit)^[[27m^[$[27;1H^[[37;1H^M^[[K^[[7m Manual page groupadd(8) line 36/151 52% (press h for help or q to quit)^[[27m^[$[28;1H^[[37;1H^M^[[K^[[7m Manual page groupadd(8) line 35/151 51% (press h for help or q to quit)^[[27m^[$[29;1H^[[37;1H^M^[[K^[[7m Manual page groupadd(8) line 34/151 50% (press h for help or q to quit)^[[27m^[$[30;1H^[[37;1H^M^[[K^[[7m Manual page groupadd(8) line 33/151 50% (press h for help or q to quit)^[[27m^[$[31;1H^[[37;1H^M^[[K^[[7m Manual page groupadd(8) line 32/151 49% (press h for help or q to quit)^[[27m^[$[32;1H^[[37;1H^M^[[K^[[7m Manual page groupadd(8) line 31/151 47% (press h for help or q to quit)^[[27m^[$[33;1H^[[37;1H^M^[[K^[[7m Manual page groupadd(8) line 30/151 46% (press h for help or q to quit)^[[27m^[$[34;1H^[[37;1H^M^[[K^[[7m Manual page groupadd(8) line 29/151 44% (press h for help or q to quit)^[[27m^[$[18;1H[19d[20d[21d[22d[23d[24d[25d[26d[27d[28d[29d[30d[31d[32d[33d[34d[3;35r[3;1H[17M[1;37r[18;1H^[[37;1H^M^[[K^[[7m Manual page groupadd(8) line 28/151 43% (press h for help or q to quit)^[[27m^[$[19;1H^[[37;1H^M^[[K^[[7m Manual page groupadd(8) line 27/151 43% (press h for help or q to quit)^[[27m^[$[20;1H^[[37;1H^M^[[K^[[7m Manual page groupadd(8) line 26/151 42% (press h for help or q to quit)^[[27m^[$[21;1H^[[37;1H^M^[[K^[[7m Manual page groupadd(8) line 25/151 41% (press h for help or q to quit)^[[27m^[$[22;1H^[[37;1H^M^[[K^[[7m Manual page groupadd(8) line 24/151 40% (press h for help or q to quit)^[[27m^[$[23;1H^[[37;1H^M^[[K^[[7m Manual page groupadd(8) line 23/151 40% (press h for help or q to quit)^[[27m^[$[24;1H^[[37;1H^M^[[K^[[7m Manual page groupadd(8) line 22/151 38% (press h for help or q to quit)^[[27m^[$[25;1H^[[37;1H^M^[[K^[[7m Manual page groupadd(8) line 21/151 36% (press h for help or q to quit)^[[27m^[$[26;1H^[[37;1H^M^[[K^[[7m Manual page groupadd(8) line 20/151 36% (press h for help or q to quit)^[[27m^[$[27;1H^[[37;1H^M^[[K^[[7m Manual page groupadd(8) line 19/151 36% (press h for help or q to quit)^[[27m^[$[28;1H^[[37;1H^M^[[K^[[7m Manual page groupadd(8) line 18/151 35% (press h for help or q to quit)^[[27m^[$[29;1H^[[37;1H^M^[[K^[[7m Manual page groupadd(8) line 17/151 35% (press h for help or q to quit)^[[27m^[$[30;1H^[[37;1H^M^[[K^[[7m Manual page groupadd(8) line 16/151 34% (press h for help or q to quit)^[[27m^[$[31;1H^[[37;1H^M^[[K^[[7m Manual page groupadd(8) line 15/151 34% (press h for help or q to quit)^[[27m^[$[32;1H^[[37;1H^M^[[K^[[7m Manual page groupadd(8) line 14/151 33% (press h for help or q to quit)^[[27m^[$[33;1H^[[37;1H^M^[[K^[[7m Manual page groupadd(8) line 13/151 31% (press h for help or q to quit)^[[27m^[$[34;1H^[[37;1H^M^[[K^[[7m Manual page groupadd(8) line 12/151 31% (press h for help or q to quit)^[[27m^[$[18;1H[19d[20d[21d[22d[23d[24d[25d[26d[27d[28d[29d[30d[31d[32d[33d[34d[3;35r[3;1H[17M[1;37r[18;1H^[[37;1H^M^[[K^[[7m Manual page groupadd(8) line 11/151 31% (press h for help or q to quit)^[[27m^[$[19;1H^[[37;1H^M^[[K^[[7m Manual page groupadd(8) line 10/151 29% (press h for help or q to quit)^[[27m^[$[20;1H^[[37;1H^M^[[K^[[7m Manual page groupadd(8) line 9/151 28% (press h for help or q to quit)^[[27m^[[$[21;1H^[[37;1H^M^[[K^[[7m Manual page groupadd(8) line 8/151 28% (press h for help or q to quit)^[[27m^[[$[22;1H^[[37;1H^M^[[K^[[7m Manual page groupadd(8) line 7/151 27% (press h for help or q to quit)^[[27m^[[$[23;1H^[[37;1H^M^[[K^[[7m Manual page groupadd(8) line 6/151 27% (press h for help or q to quit)^[[27m^[[$[24;1H^[[37;1H^M^[[K^[[7m Manual page groupadd(8) line 5/151 27% (press h for help or q to quit)^[[27m^[[$[25;1H^[[37;1H^M^[[K^[[7m Manual page groupadd(8) line 4/151 25% (press h for help or q to quit)^[[27m^[[$[26;1H^[[37;1H^M^[[K^[[7m Manual page groupadd(8) line 1/151 25% (press h for help or q to quit)^[[27m^[[$[27;1HUsage: useradd [options] LOGIN[28;8Huseradd -D[29;8Huseradd -D [options][31dOptions:[32;3H-b, --base-dir BASE_DIR	base directory for the home directory of the[33;33Hnew account[34;3H-c, --comment COMMENT[34;33HGECOS field of the new account[18d[19d[20d[21d[22d[23d[24d[25d[26d[27d[28d[29d[30d[31d[32d[33d[34d[3;35r[3;1H[17M[1;37r[18;3H-d, --home-dir HOME_DIR	home directory of the new account[19;3H-D, --defaults[19;33Hprint or change default useradd configuration[20;3H-e, --expiredate EXPIRE_DATE  expiration date of the new account[21;3H-f, --inactive INACTIVE	password inactivity period of the new account[22;3H-g, --gid GROUP[22;33Hname or ID of the primary group of the new[23;33Haccount[24;3H-G, --groups GROUPS[24;33Hlist of supplementary groups of the new[25;33Haccount[26;3H-h, --help[26;33Hdisplay this help message and exit[27;3H-k, --skel SKEL_DIR[27;33Huse this alternative skeleton directory[28;3H-K, --key KEY=VALUE[28;33Hoverride /etc/login.defs defaults[29;3H-l, --no-log-init[29;33Hdo not add the user to the lastlog and[30;33Hfaillog databases[31;3H-m, --create-home[31;33Hcreate the user's home directory[32;3H-M, --no-create-home[32;33Hdo not create the user's home directory[33;3H-N, --no-user-group[33;33Hdo not create a group with the same name as[34;33Hthe user[18d[19d[20d[21d[22d[23d[24d[25d[26d[27d[28d[29d[30d[31d[32d[33d[34d[3;35r[3;1H[17M[1;37r[18;3H-o, --non-unique[18;33Hallow to create users with duplicate[19;33H(non-unique) UID[20;3H-p, --password PASSWORD	encrypted password of the new account[21;3H-r, --system[21;33Hcreate a system account[22;3H-R, --root CHROOT_DIR[22;33Hdirectory to chroot into[23;3H-P, --prefix PREFIX_DIR	prefix directory where are located the /etc/* files[24;3H-s, --shell SHELL[24;33Hlogin shell of the new account[25;3H-u, --uid UID[25;33Huser ID of the new account[26;3H-U, --user-group[26;33Hcreate a group with the same name as the user[27;3H-Z, --selinux-user SEUSER     use a specific SEUSER for the SELinux user mapping[29d[cent@localhost ~]$ -m /^H^[[K^H^[[K^H^[[K^H^[[K^G^G^G^G^G^G^G^G-d /eng^H^[[K^H^[[K^H^[[K^H^[[K^H^[$[30;1H[sudo] password for cent:[31d[cent@localhost ~]$ sudo useradd -d /Eng -s /bin/bash -G Eng Eng1^H^[[K2[32duseradd: warning: the home directory already exists.[33dNot copying any file from skel directory into it.[34d[cent@localhost ~]$ sudo useradd -d /Eng -s /bin/bash -G Eng Eng2^H^H^H^H^H^H^H^H^H^H^H^H^H^H^H^H^H$[18;1H[19d[20d[21d[22d[23d[24d[25d[26d[27d[28d[29d[30d[31d[32d[33d[34d[3;35r[3;1H[17M[1;37r[18;1Huseradd: user 'Eng2' already exists[19d[cent@localhost ~]$ sudo useradd -s /bin/bash -G Eng Eng2^H^[[K3[20d[cent@localhost ~]$ sudo useradd -s /bin/bash -G Eng Eng3^H^[[K^H^[[K^H^[[K^H^[[K^H^[[K^H^[[K^H^[[K$[21;1H[cent@localhost ~]$ sudo useradd -s /bin/bash -G IS IS1^H^[[K2[22d[cent@localhost ~]$ sudo useradd -s /bin/bash -G IS IS2^H^[[K3[23d[cent@localhost ~]$ sudo useradd -s /bin/bash -G IS IS3^H^[[K^H^[[K^H^[[KS^?^H^H^[[K^H^[[K^H^[[K^H^$[24;1H[cent@localhost ~]$ sudo useradd -s /bin/bash -G Sales Sales1^H^[[K2[25d[cent@localhost ~]$ sudo useradd -s /bin/bash -G Sales Sales2^H^[[K2^H^[[K3[26d[cent@localhost ~]$ pwd[27d/home/cent[28d[cent@localhost ~]$ ls[29d^[[0m^[[01;34mbin^[[0m  ^[[01;34mEng^[[0m  ^[[01;34mIS^[[0m  ^[[01;34mrepos^[[0m  ^[[01;34mSales^[[$[30;1H[cent@localhost ~]$ sudo useradd^H^[[K^H^[[K^H^[[Kmod ^G^G^G^G^G^G-h[31dUsage: usermod [options] LOGIN[33dOptions:[34;3H-c, --comment COMMENT[34;33Hnew value of the GECOS field[18d[19d[20d[21d[22d[23d[24d[25d[26d[27d[28d[29d[30d[31d[32d[33d[34d[3d[cent@localhost ~]$ sudo useradd -s /bin/bash -G Eng Eng3^H^[[K^H^[[K^H^[[K^H^[[K^H^[[K^H^[[K^H^[[K$[4;1H[cent@localhost ~]$ sudo useradd -s /bin/bash -G IS IS1^H^[[K2[5d[cent@localhost ~]$ sudo useradd -s /bin/bash -G IS IS2^H^[[K3[6d[cent@localhost ~]$ sudo useradd -s /bin/bash -G IS IS3^H^[[K^H^[[K^H^[[KS^?^H^H^[[K^H^[[K^H^[[K^H^$[7;1H[cent@localhost ~]$ sudo useradd -s /bin/bash -G Sales Sales1^H^[[K2[8d[cent@localhost ~]$ sudo useradd -s /bin/bash -G Sales Sales2^H^[[K2^H^[[K3[9d[cent@localhost ~]$ pwd[K[10d/home/cent[K[11d[cent@localhost ~]$ ls[12d^[[0m^[[01;34mbin^[[0m  ^[[01;34mEng^[[0m  ^[[01;34mIS^[[0m  ^[[01;34mrepos^[[0m  ^[[01;34mSales^[[13d[cent@localhost ~]$ sudo useradd^H^[[K^H^[[K^H^[[Kmod ^G^G^G^G^G^G-h[14dUsage: usermod [options] LOGIN[K[15d[K[16dOptions:[K[17d  -c, --comment COMMENT         new value of the GECOS field[K[18d  -d, --home HOME_DIR           new home directory for the user account[19d  -e, --expiredate EXPIRE_DATE  set account expiration date to EXPIRE_DATE[20d  -f, --inactive INACTIVE       set password inactive after expiration[K[21;32H[1K	to INACTIVE[K[22d  -g, --gid GROUP[15X[22;33Hforce use GROUP as new primary group[23d  -G, --groups GROUPS           new list of supplementary GROUPS[K[24d  -a, --append[18X[24;33Happend the user to the supplemental GROUPS[25;32H[1K	mentioned by the -G option without removing[26;32H[1K	the user from other groups[27d  -h, --help[27;33Hdisplay this help message and exit[28d  -l, --login NEW_LOGIN[28;33Hnew value of the login name[29d  -L, --lock[20X[29;33Hlock the user account[K[30d  -m, --move-home[15X[30;33Hmove contents of the home directory to the[31;32H[1K	new location (use only with -d)[32;3H-o, --non-unique[32;33Hallow using duplicate (non-unique) UID[33d  -p, --password PASSWORD	use encrypted password for the new password[34;4HR, --root CHROOT_DIR[34;33Hdirectory to chroot into[K[18d[19d[20d[21d[22d[23d[24d[25d[26d[27d[28d[29d[30d[31d[32d[33d[34d[3d  -f, --inactive INACTIVE       set password inactive after expiration[K[4;32H[1K	to INACTIVE[K[5d  -g, --gid GROUP[15X[5;33Hforce use GROUP as new primary group[6d  -G, --groups GROUPS           new list of supplementary GROUPS[K[7d  -a, --append[18X[7;33Happend the user to the supplemental GROUPS[8;32H[1K	mentioned by the -G option without removing[9;32H[1K	the user from other groups[10d  -h, --help[10;33Hdisplay this help message and exit[11d  -l, --login NEW_LOGIN[11;33Hnew value of the login name[12d  -L, --lock[20X[12;33Hlock the user account[K[13d  -m, --move-home[15X[13;33Hmove contents of the home directory to the[14;32H[1K	new location (use only with -d)[15;3H-o, --non-unique[15;33Hallow using duplicate (non-unique) UID[16d  -p, --password PASSWORD	use encrypted password for the new password[17;4HR, --root CHROOT_DIR[17;33Hdirectory to chroot into[K[18;4HP, --prefix PREFIX_DIR	prefix directory where are located the /etc/* files[19;4Hs, --shell SHELL             new login shell for the user account[K[20;4Hu, --uid UID          	new UID for the user account[K[21;3H-U, --unlock[21;33Hunlock the user account[22;4Hv, --add-subuids FIRST-LAST  add range of subordinate uids[K[23;4HV, --del-subuids FIRST-LAST  remove range of subordinate uids[24;4Hw, --add-subgids FIRST-LAST  add range of subordinate gids[K[25;3H-W, --del-subgids FIRST-LAST  remove range of subordinate gids[K[26;3H-Z, --selinux-user SEUSER     new SELinux user mapping for the user account[27d[K[28d[cent@localhost ~]$ sudo usermod -h^H^[[Ka IS1^H^[[K^H^[[K^H^[[KIS IS1^H^[[K^H^[[K^H^[[K^H^[[K^H^[[$[29;1HUsage: usermod [options] LOGIN[K[30d[K[31dOptions:[K[32;4Hc, --comment COMMENT[32;33Hnew value of the GECOS field[K[33;4Hd, --home HOME_DIR    	new home directory for the user account[K[34;4He, --expiredate EXPIRE_DATE  set account expiration date to EXPIRE_DATE[18d[19d[20d[21d[22d[23d[24d[25d[26d[27d[28d[29d[30d[31d[32d[33d[34d[2;34r[2;1H[15L[1;37r[3;3H-u, --uid UID[3;33Hnew UID for the user account[4;3H-U, --unlock[4;33Hunlock the user account[5;3H-v, --add-subuids FIRST-LAST  add range of subordinate uids[6;3H-V, --del-subuids FIRST-LAST  remove range of subordinate uids[7;3H-w, --add-subgids FIRST-LAST  add range of subordinate gids[8;3H-W, --del-subgids FIRST-LAST  remove range of subordinate gids[9;3H-Z, --selinux-user SEUSER     new SELinux user mapping for the user account[11d[cent@localhost ~]$ sudo usermod -h^H^[[Ka IS1^H^[[K^H^[[K^H^[[KIS IS1^H^[[K^H^[[K^H^[[K^H^[[K^H^[[$[12;1HUsage: usermod [options] LOGIN[14dOptions:[15;3H-c, --comment COMMENT[15;33Hnew value of the GECOS field[16;3H-d, --home HOME_DIR[16;33Hnew home directory for the user account[17;3H-e, --expiredate EXPIRE_DATE  set account expiration date to EXPIRE_DATE[18d[19d[20d[21d[22d[23d[24d[25d[26d[27d[28d[29d[30d[31d[32d[33d[34d[3;4Hg, --gid GROUP[3;33Hforce use GROUP as new primary group[4;4HG, --groups GROUPS[4;33Hnew list of supplementary GROUPS[5;4Ha, --append[18X[5;33Happend the user to the supplemental GROUPS[6;32H[1K	mentioned by the -G option without removing[7;32H[1K	the user from other groups[K[8;4Hh, --help[20X[8;33Hdisplay this help message and exit[9;4Hl, --login NEW_LOGIN    [9;37Hvalue of the login name[K[10;3H-L, --lock[10;33Hlock the user account[11d  -m, --move-home[15X[11;33Hmove contents of the home directory to the[K[12;32H[1K	new location (use only with -d)[13;3H-o, --non-unique[13;33Hallow using duplicate (non-unique) UID[14d  -p, --password PASSWORD	use encrypted password for the new password[15;4HR, --root CHROOT_DIR[15;33Hdirectory to chroot into[K[16;4HP, --prefix PREFIX_DIR	prefix directory where are located the /etc/* files[17;4Hs, --shell SHELL             new login shell for the user account[K[18;4Hu, --uid UID          	new UID for the user account[K[19;3H-U, --unlock[19;33Hunlock the user account[20;4Hv, --add-subuids FIRST-LAST  add range of subordinate uids[K[21;4HV, --del-subuids FIRST-LAST  remove range of subordinate uids[22;4Hw, --add-subgids FIRST-LAST  add range of subordinate gids[K[23;3H-W, --del-subgids FIRST-LAST  remove range of subordinate gids[K[24;3H-Z, --selinux-user SEUSER     new SELinux user mapping for the user account[25d[K[26d[cent@localhost ~]$ sudo usermod -a admin IS1^M^[[C^[[C^[[C^[[C^[[C^[[C^[[C^[[C^[[C^[[C^[[C^[[C^[[C$[27;1H^[[H^[[J[cent@localhost ~]$ clear^H^H^H^H^Hsudo usermod -a admin IS1^H^[[K IS1[28dUsage: usermod [options] LOGIN[K[29d[K[30dOptions:[K[31;4Hc, --comment COMMENT  	new value of the GECOS field[K[32;4Hd, --home HOME_DIR  [32;33Hnew home directory for the user account[33;4He, --expiredate EXPIRE_DATE  set account expiration date to EXPIRE_DATE[K[34;4Hf, --inactive INACTIVE	set password inactive after expiration[18d[19d[20d[21d[22d[23d[24d[25d[26d[27d[28d[29d[30d[31d[32d[33d[34d[2;34r[2;1H[16L[1;37r[3;3H-v, --add-subuids FIRST-LAST  add range of subordinate uids[4;3H-V, --del-subuids FIRST-LAST  remove range of subordinate uids[5;3H-w, --add-subgids FIRST-LAST  add range of subordinate gids[6;3H-W, --del-subgids FIRST-LAST  remove range of subordinate gids[7;3H-Z, --selinux-user SEUSER     new SELinux user mapping for the user account[9d[cent@localhost ~]$ sudo usermod -a admin IS1^M^[[C^[[C^[[C^[[C^[[C^[[C^[[C^[[C^[[C^[[C^[[C^[[C^[[C$[10;1H^[[H^[[J[cent@localhost ~]$ clear^H^H^H^H^Hsudo usermod -a admin IS1^H^[[K IS1[11dUsage: usermod [options] LOGIN[13dOptions:[14;3H-c, --comment COMMENT[14;33Hnew value of the GECOS field[15;3H-d, --home HOME_DIR[15;33Hnew home directory for the user account[16;3H-e, --expiredate EXPIRE_DATE  set account expiration date to EXPIRE_DATE[17;3H-f, --inactive INACTIVE	set password inactive after expiration[18;33Hto INACTIVE[19d[20d[21d[22d[23d[24d[25d[26d[27d[28d[29d[30d[31d[32d[33d[34d[3;4HG, --groups GROUPS           new list of supplementary GROUPS[4;4Ha, --append[18X[4;33Happend the user to the supplemental GROUPS[5;32H[1K	mentioned by the -G option without removing[6;32H[1K	the user from other groups[K[7;4Hh, --help[20X[7;33Hdisplay this help message and exit[K[8;3H-l, --login NEW_LOGIN[8;33Hnew value of the login name[9d  -L, --lock[20X[9;33Hlock the user account[K[10d  -m, --move-home[15X[10;33Hmove contents of the home directory to the[K[11;32H[1K	new location (use only with -d)[12;3H-o, --non-unique[12;33Hallow using duplicate (non-unique) UID[13d  -p, --password PASSWORD	use encrypted password for the new password[14;4HR, --root CHROOT_DIR[14;33Hdirectory to chroot into[K[15;4HP, --prefix PREFIX_DIR	prefix directory where are located the /etc/* files[16;4Hs, --shell SHELL             new login shell for the user account[K[17;4Hu, --uid UID          	new UID for the user account[K[18;3H-U, --unlock[18;33Hunlock the user account[19;4Hv, --add-subuids FIRST-LAST  add range of subordinate uids[K[20;4HV, --del-subuids FIRST-LAST  remove range of subordinate uids[21;4Hw, --add-subgids FIRST-LAST  add range of subordinate gids[K[22;3H-W, --del-subgids FIRST-LAST  remove range of subordinate gids[K[23;3H-Z, --selinux-user SEUSER     new SELinux user mapping for the user account[24d[K[25d[cent@localhost ~]$ sudo usermod -a admin IS IS1^H^[[K^H^[[K^H^[[K^H^[[K^H^[[K^H^[[K^H^[[K^H^[[K^H^$[26;1H^[[H^[[J[cent@localhost ~]$ clear^H^H^H^H^Hsudo usermod -a admin IS IS1^M^[[C^[[C^[[C^[[C^[[C^[[C^[$[27;1H^[[0m^[[01;34mbin^[[0m  ^[[01;34mEng^[[0m  ^[[01;34mIS^[[0m  ^[[01;34mrepos^[[0m  ^[[01;34mSales^[[$[28;1H[cent@localhost ~]$ ls^H^Hclear^H^H^H^H^Hsudo usermod -a admin Eng ^H^[[K1[29dUsage: usermod [options] LOGIN[K[30d[K[31dOptions:[K[32;4Hc, --comment COMMENT  	new value of the GECOS field[K[33;4Hd, --home HOME_DIR[33;37Hhome directory for the user account[34;4He, --expiredate EXPIRE_DATE  set account expiration date to EXPIRE_DATE[18d[19d[20d[21d[22d[23d[24d[25d[26d[27d[28d[29d[30d[31d[32d[33d[34d[3;4HV, --del-subuids FIRST-LAST  remove range of subordinate uids[4;4Hw, --add-subgids FIRST-LAST  add range of subordinate gids[K[5;3H-W, --del-subgids FIRST-LAST  remove range of subordinate gids[K[6;3H-Z, --selinux-user SEUSER     new SELinux user mapping for the user account[7d[K[8d[cent@localhost ~]$ sudo usermod -a admin IS IS1^H^[[K^H^[[K^H^[[K^H^[[K^H^[[K^H^[[K^H^[[K^H^[[K^H^$[9;1H^[[H^[[J[cent@localhost ~]$ clear^H^H^H^H^Hsudo usermod -a admin IS IS1^M^[[C^[[C^[[C^[[C^[[C^[[C^[$[10;1H^[[0m^[[01;34mbin^[[0m  ^[[01;34mEng^[[0m  ^[[01;34mIS^[[0m  ^[[01;34mrepos^[[0m  ^[[01;34mSales^[[$[11;1H[cent@localhost ~]$ ls^H^Hclear^H^H^H^H^Hsudo usermod -a admin Eng ^H^[[K1[12dUsage: usermod [options] LOGIN[K[13d[K[14dOptions:[K[15;4Hc, --comment COMMENT  	new value of the GECOS field[K[16;4Hd, --home HOME_DIR[16;37Hhome directory for the user account[17;4He, --expiredate EXPIRE_DATE  set account expiration date to EXPIRE_DATE[18;4Hf, --inactive INACTIVE	set password inactive after expiration[19;32H[1K	to INACTIVE[K[20;4Hg, --gid GROUP[15X[20;33Hforce use GROUP as new primary group[21;4HG, --groups GROUPS           new list of supplementary GROUPS[22;4Ha, --append[18X[22;33Happend the user to the supplemental GROUPS[23;32H[1K	mentioned by the -G option without removing[K[24;33Hthe user from other groups[25d  -h, --help[20X[25;33Hdisplay this help message and exit[K[26d  -l, --login NEW_LOGIN         new value of the login name[K[27d  -L, --lock[20X[27;33Hlock the user account[K[28d  -m, --move-home[15X[28;33Hmove contents of the home directory to the[29;32H[1K	new location (use only with -d)[30;3H-o, --non-unique[30;33Hallow using duplicate (non-unique) UID[31d  -p, --password PASSWORD	use encrypted password for the new password[32;4HR, --root CHROOT_DIR[32;33Hdirectory to chroot into[K[33;4HP, --prefix PREFIX_DIR	prefix directory where are located the /etc/* files[34;4Hs, --shell SHELL             new login shell for the user account[K[18d[19d[20d[21d[22d[23d[24d[25d[26d[27d[28d[29d[30d[31d[32d[33d[34d[3;4Hg, --gid GROUP[15X[3;33Hforce use GROUP as new primary group[4;4HG, --groups GROUPS           new list of supplementary GROUPS[5;4Ha, --append[18X[5;33Happend the user to the supplemental GROUPS[6;32H[1K	mentioned by the -G option without removing[K[7;33Hthe user from other groups[8d  -h, --help[20X[8;33Hdisplay this help message and exit[K[9d  -l, --login NEW_LOGIN         new value of the login name[K[10d  -L, --lock[20X[10;33Hlock the user account[K[11d  -m, --move-home[15X[11;33Hmove contents of the home directory to the[12;32H[1K	new location (use only with -d)[13;3H-o, --non-unique[13;33Hallow using duplicate (non-unique) UID[14d  -p, --password PASSWORD	use encrypted password for the new password[15;4HR, --root CHROOT_DIR[15;33Hdirectory to chroot into[K[16;4HP, --prefix PREFIX_DIR	prefix directory where are located the /etc/* files[17;4Hs, --shell SHELL             new login shell for the user account[K[18;4Hu, --uid UID          	new UID for the user account[K[19;3H-U, --unlock[19;33Hunlock the user account[20;4Hv, --add-subuids FIRST-LAST  add range of subordinate uids[K[21;4HV, --del-subuids FIRST-LAST  remove range of subordinate uids[22;4Hw, --add-subgids FIRST-LAST  add range of subordinate gids[K[23;3H-W, --del-subgids FIRST-LAST  remove range of subordinate gids[K[24;3H-Z, --selinux-user SEUSER     new SELinux user mapping for the user account[25d[K[26d[cent@localhost ~]$ groups IS1[K[27dIS1 : IS1 IS[K[28d[cent@localhost ~]$ ig^H^[[K^H^[[K^G-g^H^[[K^H^[[K^G^Gsudo -g ^H^[[K^H^[[K^H^[[K^H^[[K usermod -g ^$[29;1Husermod: group 'admin' does not exist[K[30d[cent@localhost ~]$ group -l[K[31dbash: group: command not found[K[32d[cent@localhost ~]$ group -l^H^[[K^H^[[K^H^[[K^H^[[Kps -l[33dgroups: invalid option -- 'l'[K[34dTry 'groups --help' for more information.[K[18d[19d[20d[21d[22d[23d[24d[25d[26d[27d[28d[29d[30d[31d[32d[33d[34d[3;35r[3;1H[17M[1;37r[18;1H[cent@localhost ~]$ groups -l^H^[[Kh[19dgroups: invalid option -- 'h'[20dTry 'groups --help' for more information.[21d[cent@localhost ~]$ groui^H^[[Kps[22dcent wheel vboxsf[23d[cent@localhost ~]$ ls -l[24dtotal 8[25ddrwxrwxr-x. 2 cent cent   21 Dec 15 15:09 ^[[0m^[[01;34mbin^[[0m[26ddrwxrwxr-x. 2 cent cent    6 Dec 17 00:28 ^[[01;34mEng^[[0m[27ddrwxrwxr-x. 2 cent cent    6 Dec 17 00:28 ^[[01;34mIS^[[0m[28ddrwxrwxr-x. 5 cent cent   60 Nov 17 19:39 ^[[01;34mrepos^[[0m[29ddrwxrwxr-x. 2 cent cent    6 Dec 17 00:28 ^[[01;34mSales^[[0m[30d-rw-rw-r--. 1 cent cent 1148 Dec 15 15:11 test[31d-rw-rw-r--. 1 cent cent  795 Dec 15 15:11 test-cleaned.txt[32d[cent@localhost ~]$ sudo ownergroup _G^H^[[K^H^[[K-G ad,om OS^H^[[K^H^[[K^H^[[K^H^[[K^H^[[K^H^[[Kmi$[33;1H[sudo] password for cent:[34d[cent@localhost ~]$ sudo chmod g=rwx IS^H^[[K^H^[[KEng[18d[19d[20d[21d[22d[23d[24d[25d[26d[27d[28d[29d[30d[31d[32d[33d[34d[3;35r[3;1H[17M[1;37r[18;1H[cent@localhost ~]$ sudo chmod g=rwx Eng^H^[[K^H^[[K^H^[[KSales[19d[cent@localhost ~]$ ls[20d^[[0m^[[01;34mbin^[[0m  ^[[01;34mEng^[[0m  ^[[01;34mIS^[[0m  ^[[01;34mrepos^[[0m  ^[[01;34mSales^[[$[21;1H[cent@localhost ~]$ cd /en^H^[[K^H^[[KEng[22dbash: cd: /Eng: Permission denied[23d[cent@localhost ~]$ cd ?^H^[[K/IS[24dbash: cd: /IS: No such file or directory[25d[cent@localhost ~]$ cd /IS[26dbash: cd: /IS: No such file or directory[27d[cent@localhost ~]$ cd /IS^H^[[K^H^[[KSales[28dbash: cd: /Sales: No such file or directory[29d[cent@localhost ~]$ sudo cd /Sales[30d/bin/cd: line 2: cd: /Sales: No such file or directory[31d[cent@localhost ~]$ ls[32d^[[0m^[[01;34mbin^[[0m  ^[[01;34mEng^[[0m  ^[[01;34mIS^[[0m  ^[[01;34mrepos^[[0m  ^[[01;34mSales^[[$[33;1H[cent@localhost ~]$ c^H^[[Ksudo chmopd^H^[[K^H^[[Kd 770 Eng[34d[cent@localhost ~]$ sudo chmod 770 Eng^H^[[K^H^[[K^H^[[KIS[18d[19d[20d[21d[22d[23d[24d[25d[26d[27d[28d[29d[30d[31d[32d[33d[34d[3;35r[3;1H[17M[1;37r[18;1H[cent@localhost ~]$ sudo chmod 770 IS^H^[[K^H^[[KSales[19d[cent@localhost ~]$ sudo chmod 770 Sales^H^[[K^H^[[K^H^[[K^H^[[K^H^[[K^H^[[K^H^[[K^H^[[K^H^[[K^H^[[$[20;1Hchown: missing operand[21dTry 'chown --help' for more information.[22d[cent@localhost ~]$ sudo chown -h^H^[[K-help[23dUsage: chown [OPTION]... [OWNER][:[GROUP]] FILE...[24;3Hor:  chown [OPTION]... --reference=RFILE FILE...[25dChange the owner and/or group of each FILE to OWNER and/or GROUP.[26dWith --reference, change the owner and group of each FILE to those of RFILE.[28;3H-c, --changes[28;26Hlike verbose but report only when a change is made[29;3H-f, --silent, --quiet  suppress most error messages[30;3H-v, --verbose[30;26Houtput a diagnostic for every file processed[31;7H--dereference	 affect the referent of each symbolic link (this is[32;26Hthe default), rather than the symbolic link itself[33;3H-h, --no-dereference   affect symbolic links instead of any referenced file[34;26H(useful only on systems that can change the[18d[19d[20d[21d[22d[23d[24d[25d[26d[27d[28d[29d[30d[31d[32d[33d[34d[3;35r[3;1H[17M[1;37r[18;26Hownership of a symlink)[19;7H--from=CURRENT_OWNER:CURRENT_GROUP[20;26Hchange the owner and/or group of each file only if[21;26Hits current owner and/or group match those specified[22;26Hhere.  Either may be omitted, in which case a match[23;26His not required for the omitted attribute[24;7H--no-preserve-root  do not treat '/' specially (the default)[25;7H--preserve-root    fail to operate recursively on '/'[26;7H--reference=RFILE  use RFILE's owner and group rather than[27;26Hspecifying OWNER:GROUP values[28;3H-R, --recursive[28;26Hoperate on files and directories recursively[30dThe following options modify how a hierarchy is traversed when the -R[31doption is also specified.  If more than one is specified, only the final[32done takes effect.[34;3H-H[34;26Hif a command line argument is a symbolic link[18d[19d[20d[21d[22d[23d[24d[25d[26d[27d[28d[29d[30d[31d[32d[33d[34d[3;35r[3;1H[17M[1;37r[18;26Hto a directory, traverse it[19;3H-L[19;26Htraverse every symbolic link to a directory[20;26Hencountered[21;3H-P[21;26Hdo not traverse any symbolic links (default)[23;7H--help     display this help and exit[24;7H--version  output version information and exit[26dOwner is unchanged if missing.  Group is unchanged if missing, but changed[27dto login group if implied by a ':' following a symbolic OWNER.[28dOWNER and GROUP may be numeric as well as symbolic.[30dExamples:[31;3Hchown root /u[31;24HChange the owner of /u to "root".[32;3Hchown root:staff /u  Likewise, but also change its group to "staff".[33;3Hchown -hR root /u    Change the owner of /u and subfiles to "root".[18d[19d[20d[21d[22d[23d[24d[25d[26d[27d[28d[29d[30d[31d[32d[33d[34d[3;35r[3;1H[17M[1;37r[18;1HGNU coreutils online help: <http://www.gnu.org/software/coreutils/>[19dFor complete documentation, run: info coreutils 'chown invocation'[20d[cent@localhost ~]$ sudo chown rppt^H^[[K^H^[[K^H^[[Koot:IS /IS[21dchown: cannot access ‘/IS’: No such file or directory[22d[cent@localhost ~]$ pwd[23d/home/cent[24d[cent@localhost ~]$ ls^H^[[K^H^[[K^Gls[25d^[[0m^[[01;34mbin^[[0m  ^[[01;34mEng^[[0m  ^[[01;34mIS^[[0m  ^[[01;34mrepos^[[0m  ^[[01;34mSales^[[$[26;1H[cent@localhost ~]$ ls^H^Hpwd^H^H^Hsudo chown root:IS /IS^H^H^H^[[1PIS^H^H[27d[cent@localhost ~]$ sudo chown root:IS IS^H^[[K^H^[[K^H^[[K^H^[[K^H^[[KEng Eng^H^[[K^H^[[K^H^[[K^H^$[28;1Htotal 8[29ddrwxrwxr-x. 2 cent cent   21 Dec 15 15:09 ^[[0m^[[01;34mbin^[[0m[30ddrwxrwx---. 2 cent cent    6 Dec 17 00:28 ^[[01;34mEng^[[0m[31ddrwxrwx---. 2 root IS	   6 Dec 17 00:28 ^[[01;34mIS^[[0m[32ddrwxrwxr-x. 5 cent cent   60 Nov 17 19:39 ^[[01;34mrepos^[[0m[33ddrwxrwx---. 2 cent cent    6 Dec 17 00:28 ^[[01;34mSales^[[0m[34d-rw-rw-r--. 1 cent cent 1148 Dec 15 15:11 test[18d[19d[20d[21d[22d[23d[24d[25d[26d[27d[28d[29d[30d[31d[32d[33d[34d[3;35r[3;1H[17M[1;37r[18;1H-rw-rw-r--. 1 cent cent  795 Dec 15 15:11 test-cleaned.txt[19d[cent@localhost ~]$ ls -l^H^H^H^H^Hsudo chown root:IS IS^H^[[K^H^[[K^H^[[K^H^[[K^H^[[KEng Eng[20d[cent@localhost ~]$ sudo chown root:Eng Eng^H^[[K^H^[[K^H^[[K^H^[[K^H^[[K^H^[[K^H^[[KSales Sales[21d[cent@localhost ~]$ sudo chown root:Sales Sales^H^H^H^H^H^H^H^H^H^H^H^[[4PEng Eng^M^[[C^[[C^[[C^[[C$[22;1Htotal 8[23ddrwxrwxr-x. 2 cent cent    21 Dec 15 15:09 ^[[0m^[[01;34mbin^[[0m[24ddrwxrwx---. 2 root Eng[29G6 Dec 17 00:28 ^[[01;34mEng^[[0m[25ddrwxrwx---. 2 root IS[29G6 Dec 17 00:28 ^[[01;34mIS^[[0m[26ddrwxrwxr-x. 5 cent cent    60 Nov 17 19:39 ^[[01;34mrepos^[[0m[27ddrwxrwx---. 2 root Sales    6 Dec 17 00:28 ^[[01;34mSales^[[0m[28d-rw-rw-r--. 1 cent cent  1148 Dec 15 15:11 test[29d-rw-rw-r--. 1 cent cent   795 Dec 15 15:11 test-cleaned.txt[30d[cent@localhost ~]$ su root[31dPassword:[32d[root@localhost cent]# ls[33d^[[0m^[[01;34mbin^[[0m  ^[[01;34mEng^[[0m  ^[[01;34mIS^[[0m  ^[[01;34mrepos^[[0m  ^[[01;34mSales^[[$[34;1H[root@localhost cent]# cd /Eng[18d[19d[20d[21d[22d[23d[24d[25d[26d[27d[28d[29d[30d[31d[32d[33d[34d[3;35r[3;1H[17M[1;37r[18;1H[root@localhost Eng]# pwd[19d/Eng[20d[root@localhost Eng]# echo "Emg^H^[[K^H^[[Kng1^H^[[Kfile"^H^[[K^H^[[K^H^[[K^H^[[K^H^[[K^H^[[K^H^[[K$[21;1H[root@localhost Eng]# pwd[22d/Eng[23d[root@localhost Eng]# ls[24dEngfile[25d[root@localhost Eng]# cd^H^[[K^H^[[K^Gvim Engfile[26dbash: vim: command not found[27d[root@localhost Eng]# vim Engfile^H^H^H^H^H^H^H^H^H^H^H^[[Kvi Engfile[28d^[[1;37r^[[?25h^[[?8c^[[?25h^[[?0c^[[27m^[[24m^[[0m^[[H^[[J^[[?25l^[[?1c^[[37;1H"Engfile" 1L, 4C^[[$[29;1H^[[1m^[[34m~[100G$[30;1H[root@localhost ~]# ls[31danaconda-ks.cfg[32d[root@localhost ~]# pwd[33d/root[34d[root@localhost ~]# ls[18d[19d[20d[21d[22d[23d[24d[25d[26d[27d[28d[29d[30d[31d[32d[33d[34d[3;35r[3;1H[17M[1;37r[18;1Hanaconda-ks.cfg[19d[root@localhost ~]# cd /Sales^H^[[Ks[20dbash: cd: /Sales: No such file or directory[21d[root@localhost ~]# cd /home/.^H^[[Kcent[22d[root@localhost cent]# ls[23d^[[0m^[[01;34mbin^[[0m  ^[[01;34mEng^[[0m  ^[[01;34mIS^[[0m  ^[[01;34mrepos^[[0m  ^[[01;34mSales^[[$[24;1H[root@localhost cent]# cd IS^H^[[K^H^[[K/IS[25dbash: cd: /IS: No such file or directory[26d[root@localhost cent]# cd^H^[[K^H^[[K^Gcd IS[27d[root@localhost IS]# cd IS^H^H/IS^H^H^H^H^H^H^[[4Pls^H^Hcd /home/cent^H^H^H^H^H^H^H^H^H^[[4PSales^H$[28;1H[root@localhost IS]# echo "123" >ISfile^H^H^H^H^H^H^H^H^H^H^H^H^H^H^H^H^H^Hcd IS^[[K^H^H/IS^H^H^H^H$[29;1H[root@localhost cent]# ls[30d^[[0m^[[01;34mbin^[[0m  ^[[01;34mEng^[[0m  ^[[01;34mIS^[[0m  ^[[01;34mrepos^[[0m  ^[[01;34mSales^[[$[31;1H[root@localhost cent]# c^H^[[Kls^H^Hcd /home/cent^H^H^H^H^H^H^H^H^H^H^H^H^Hecho "123" >ISfile^H^H^H$[32;1H[root@localhost Sales]# cd Sales^H^H^H^H^H^H^H^Hls^[[K^H^Hcd /home/cent^H^H^H^H^H^H^H^H^H^H^H^H^Hec$[33;1H[root@localhost Sales]# cd ..[34d[root@localhost cent]# sudo uds^H^[[K^H^[[K^H^[[Kusermod -G IS iS^H^[[K^H^[[KOI^H^[[K^H^[[KIS1[18d[19d[20d[21d[22d[23d[24d[25d[26d[27d[28d[29d[30d[31d[32d[33d[34d[3;35r[3;1H[17M[1;37r[18;1H[root@localhost cent]# sudo usermod -G IS IS1^H^[[K^H^[[K^H^[[K^H^[[K^H^[[K^H^[[KSales Sales1[19d[root@localhost cent]# sudo usermod -G Sales Sales1^H^[[K^H^[[K^H^[[K^H^[[K^H^[[K^H^[[K^H^[[K^H^[[K$[18;1H[19d[20d[36d[J[37;100H[37;1H[root@localhost cis246lab4]# nano part1.txtls[Kcd cis246lab4ls[Kcd reposRepossudo usermod -G Eng Eng1Sales Sales1[6PIS IS1cd ..[Kecho "123" >Salesfile[13Pcd Salesls[Kcd /home/centecho "123" >ISfilecd IS[K/IS[4Plscd /home/cent[4PSalesls[Kpwd[1Plscdvi Engfilem Engfilels[Kpwdecho "123" >Engfilepwd[Kcd /Engls[Kogouts[Kogouts[Kcd /Eng[4Ppwdcd /Eng[4Ppwdecho "123" >Engfilepwd[K[1Plsvim Engfile[1P Engfilecd[Klspwd[1Plscd /Saleshome/centls[Kcd /IS[1PISecho "123" >ISfile[5Pcd /home/centls[Kcd Salesecho "123" >Salesfilecd ..[Ksudo usermod -G IS IS1Sales Sales1[4PEng Eng1[16Pcd Reposreposls[Kcd cis246lab4ls[Knano part1.txt[Kexit
exit
[cent@localhost ~]$ ls
[0m[01;34mbin[0m  [01;34mEng[0m  [01;34mIS[0m  [01;34mrepos[0m  [01;34mSales[0m  test  test-cleaned.txt
[cent@localhost ~]$ cd bin
[cent@localhost bin]$ ls
[0m[01;32mcleanup[0m
[cent@localhost bin]$ ls -l
total 4
-rwxrwx---. 1 cent cent 97 Dec 15 15:09 [0m[01;32mcleanup[0m
[cent@localhost bin]$ ./cleanup /home/cent/repos/cis246lab4/t[Kpart1.txt
[cent@localhost bin]$ ls
[0m[01;32mcleanup[0m
[cent@localhost bin]$ cd
[cent@localhost ~]$ /[Kcd repos
[cent@localhost repos]$ cd cis246lab4
[cent@localhost cis246lab4]$ ls
part1.txt  part1.txt-cleaned.txt  README.md  test.txt
[cent@localhost cis246lab4]$ git -h
Unknown option: -h
usage: git [--version] [--help] [-c name=value]
           [--exec-path[=<path>]] [--html-path] [--man-path] [--info-path]
           [-p|--paginate|--no-pager] [--no-replace-objects] [--bare]
           [--git-dir=<path>] [--work-tree=<path>] [--namespace=<name>]
           <command> [<args>]
[cent@localhost cis246lab4]$ sudo git commit cis246lab4
[sudo] password for cent: 
error: pathspec 'cis246lab4' did not match any file(s) known to git.
[cent@localhost cis246lab4]$ sudo git commit cis246lab4[K[K[K[K[K[K[K[K[K[K/h[Khome/cent/repos/cis246lab4
# On branch main
# Untracked files:
#   (use "git add <file>..." to include in what will be committed)
#
#	part1.txt
#	part1.txt-cleaned.txt
#	test.txt
nothing added to commit but untracked files present (use "git add" to track)
[cent@localhost cis246lab4]$ sudo git commit /home/cent/repos/cis246lab4[K[K[K[K[K[K[K[K[K[K[K[K[K[K[K[K[K[K[K[K[K[K[K[K[K[K[K[K[K[K[K[K[K[Kadd commit cis246lab4git -h[Ksudo git commit cis246lab4add [K[Ksudo git add commit cis246lab4git -h[K[4Pls[K[K
[cent@localhost cis246lab4]$ sudo git add commit cis246lab4git -h[K[4Plsgit -hsudo git commit cis246lab4add [Kcommit cis246lab4[K[K[K[K[K[K[K[K[K[K[K[K[K[K[K[K[K[K add /home/cent/repos/cis246lab4
[cent@localhost cis246lab4]$ sudo git add /home/cent/repos/cis246lab4[K[K[K[K[Kcommit /home/cent/repos/cis246lab4
[1;37r[?25h[?8c[?25h[?0c[27m[24m[0m[H[J[?25l[?1c[37;1H".git/COMMIT_EDITMSG" 15L, 437C[2;1H# Please enter the commit message for your changes. Lines starting
# with '#' will be ignored, and an empty message aborts the commit.
# Explicit paths specified without -i nor -o; assuming --only paths...
#
# Committer: root <root@localhost.localdomain>
#
# On branch main
# Changes to be committed:
#   (use "git reset HEAD <file>..." to unstage)
#
#[7Cnew file:   part1.txt
#[7Cnew file:   part1.txt-cleaned.txt
#[7Cnew file:   test.txt
#
[1m[34m~                                                                                                   [17;1H~                                                                                                   [18;1H~                                                                                                   [19;1H~                                                                                                   [20;1H~                                                                                                   [21;1H~                                                                                                   [22;1H~                                                                                                   [23;1H~                                                                                                   [24;1H~                                                                                                   [25;1H~                                                                                                   [26;1H~                                                                                                   [27;1H~                                                                                                   [28;1H~                                                                                                   [29;1H~                                                                                                   [30;1H~                                                                                                   [31;1H~                                                                                                   [32;1H~                                                                                                   [33;1H~                                                                                                   [34;1H~                                                                                                   [35;1H~                                                                                                   [36;1H~                                                                                                   [1;1H[?25h[?0c[?25l[?1c[0m[37;1H[1m[37m[41mE35: No previous regular expression[1;1H[?25h[?0c[?25l[?1c[0m[37;1H[1m-- INSERT --[0m[37;13H[K[1;1H[?25h[?0c[?25l[?1c[2;36r[2;1H[L[1;37r[2;1H[?25h[?0c[?25l[?1c[3;36r[3;1H[L[1;37r[3;1H[?25h[?0c[?25l[?1c1[?25h[?0c[?25l[?1c2[?25h[?0c[?25l[?1c3[?25h[?0c[?25l[?1c[4;36r[4;1H[L[1;37r[4;1H[?25h[?0c[?25l[?1c[37;1H[K[4;1H[?25h[?0c[3;1H
[3;1H12[2;1H[1;1H

[?25l[?1c[18;1H[?25h[?0c[?25l[?1c[37;1HType  :quit<Enter>  to exit Vim[18;1H[?25h[?0c[?25l[?1c[37;1H[K[37;1H:[?25h[?0cquit[?25l[?1c[1m[37m[41mE37: No write since last change (add ! to override)[18;1H[?25h[?0c[?25l[?1c[0m[37;1H[K[37;1H:[?25h[?0c!quit[?25l[?1c:!quit[?25h[?0c[37;1H
[No write since last change]
/bin/bash: quit: command not found

shell returned 127
[37;1H
[1m[32mPress ENTER or type command to continue[27m[24m[0m[H[J[?25l[?1c[3;1H123

# Please enter the commit message for your changes. Lines starting
# with '#' will be ignored, and an empty message aborts the commit.
# Explicit paths specified without -i nor -o; assuming --only paths...
#
# Committer: root <root@localhost.localdomain>
#
# On branch main
# Changes to be committed:
#   (use "git reset HEAD <file>..." to unstage)
#
#[7Cnew file:   part1.txt
#[7Cnew file:   part1.txt-cleaned.txt
#[7Cnew file:   test.txt
#
[1m[34m~                                                                                                   [20;1H~                                                                                                   [21;1H~                                                                                                   [22;1H~                                                                                                   [23;1H~                                                                                                   [24;1H~                                                                                                   [25;1H~                                                                                                   [26;1H~                                                                                                   [27;1H~                                                                                                   [28;1H~                                                                                                   [29;1H~                                                                                                   [30;1H~                                                                                                   [31;1H~                                                                                                   [32;1H~                                                                                                   [33;1H~                                                                                                   [34;1H~                                                                                                   [35;1H~                                                                                                   [36;1H~                                                                                                   [18;1H[?25h[?0c[?25l[?1c[?25h[?0c[?25l[?1c[37;1H[0m:[?25h[?0cquit[?25l[?1c[37;5H[K[37;5H[?25h[?0c[?25l[?1c[37;4H[K[37;4H[?25h[?0c[?25l[?1c[37;3H[K[37;3H[?25h[?0c[?25l[?1c[37;2H[K[37;2H[?25h[?0csend[?25l[?1c[1m[37m[41mE492: Not an editor command: send[18;1H[?25h[?0c[?25l[?1c[0m[37;1H[K[37;1H:[?25h[?0c!quit[?25l[?1c:!quit[?25h[?0c[37;1H
[No write since last change]
/bin/bash: quit: command not found

shell returned 127
[37;1H
[1m[32mPress ENTER or type command to continue[27m[24m[0m[H[J[?25l[?1c[3;1H123

# Please enter the commit message for your changes. Lines starting
# with '#' will be ignored, and an empty message aborts the commit.
# Explicit paths specified without -i nor -o; assuming --only paths...
#
# Committer: root <root@localhost.localdomain>
#
# On branch main
# Changes to be committed:
#   (use "git reset HEAD <file>..." to unstage)
#
#[7Cnew file:   part1.txt
#[7Cnew file:   part1.txt-cleaned.txt
#[7Cnew file:   test.txt
#
[1m[34m~                                                                                                   [20;1H~                                                                                                   [21;1H~                                                                                                   [22;1H~                                                                                                   [23;1H~                                                                                                   [24;1H~                                                                                                   [25;1H~                                                                                                   [26;1H~                                                                                                   [27;1H~                                                                                                   [28;1H~                                                                                                   [29;1H~                                                                                                   [30;1H~                                                                                                   [31;1H~                                                                                                   [32;1H~                                                                                                   [33;1H~                                                                                                   [34;1H~                                                                                                   [35;1H~                                                                                                   [36;1H~                                                                                                   [18;1H[?25h[?0c[?25l[?1c[37;1H[0m:[?25h[?0cgit cop[?25l[?1c[37;8H[K[37;8H[?25h[?0cmmit[?25l[?1c[1m[37m[41mE492: Not an editor command: git commit[18;1H[?25h[?0c[?25l[?1c[0m[37;1H[1m-- INSERT --[0m[37;13H[K[18;1H[?25h[?0c[37;1H[K[18;1H[?25l[?1c[?25h[?0c[?25l[?1c[37;1H:[?25h[?0c!x[?25l[?1c:!x[?25h[?0c[37;1H
[No write since last change]
/bin/bash: x: command not found

shell returned 127
[37;1H
[1m[32mPress ENTER or type command to continue[27m[24m[0m[H[J[?25l[?1c[3;1H123

# Please enter the commit message for your changes. Lines starting
# with '#' will be ignored, and an empty message aborts the commit.
# Explicit paths specified without -i nor -o; assuming --only paths...
#
# Committer: root <root@localhost.localdomain>
#
# On branch main
# Changes to be committed:
#   (use "git reset HEAD <file>..." to unstage)
#
#[7Cnew file:   part1.txt
#[7Cnew file:   part1.txt-cleaned.txt
#[7Cnew file:   test.txt
#
[1m[34m~                                                                                                   [20;1H~                                                                                                   [21;1H~                                                                                                   [22;1H~                                                                                                   [23;1H~                                                                                                   [24;1H~                                                                                                   [25;1H~                                                                                                   [26;1H~                                                                                                   [27;1H~                                                                                                   [28;1H~                                                                                                   [29;1H~                                                                                                   [30;1H~                                                                                                   [31;1H~                                                                                                   [32;1H~                                                                                                   [33;1H~                                                                                                   [34;1H~                                                                                                   [35;1H~                                                                                                   [36;1H~                                                                                                   [18;1H[?25h[?0c[?25l[?1c[37;1H[0m:[?25h[?0c![?25l[?1c[37;2H[K[37;2H[?25h[?0cwq!~[?25l[?1c[37;5H[K[37;5H[?25h[?0c[?25l[?1c".git/COMMIT_EDITMSG" 18L, 443C written[?25h[?0c
[main b3cd5bf] 123
 Committer: root <root@localhost.localdomain>
Your name and email address were configured automatically based
on your username and hostname. Please check that they are accurate.
You can suppress this message by setting them explicitly:

    git config --global user.name "Your Name"
    git config --global user.email you@example.com

After doing this, you may fix the identity used for this commit with:

    git commit --amend --reset-author

 3 files changed, 1367 insertions(+)
 create mode 100644 part1.txt
 create mode 100644 part1.txt-cleaned.txt
 create mode 100644 test.txt
[cent@localhost cis246lab4]$ 
[cent@localhost cis246lab4]$ 
[cent@localhost cis246lab4]$ 
[cent@localhost cis246lab4]$ git status
# On branch main
# Your branch is ahead of 'origin/main' by 1 commit.
#   (use "git push" to publish your local commits)
#
# Changes not staged for commit:
#   (use "git add <file>..." to update what will be committed)
#   (use "git checkout -- <file>..." to discard changes in working directory)
#
#	modified:   part1.txt
#
no changes added to commit (use "git add" and/or "git commit -a")
[cent@localhost cis246lab4]$ git commit -m "a[KFinished [K[K[Kh[Ked"
fatal: could not open '.git/COMMIT_EDITMSG': Permission denied
[cent@localhost cis246lab4]$ ls
part1.txt  part1.txt-cleaned.txt  README.md  test.txt
[cent@localhost cis246lab4]$ git [K[K[K[Ksudo git commit -m "fin[K[K[KFinished"
[sudo] password for cent: 
# On branch main
# Your branch is ahead of 'origin/main' by 1 commit.
#   